// Jest Snapshot v1, https://goo.gl/fbAQLP

exports[`WellnessRewardsSection should render the UI correctly 1`] = `
{
  "asFragment": [Function],
  "baseElement": <body>
    <div>
      <div
        class="card-main section"
      >
        <h2
          class="title-2"
        >
          Wellness Rewards
        </h2>
        <span
          style="display: block; width: 1px; min-width: 1px; height: 25px; min-height: 25px;"
        />
        <div
          class="flex flex-row justify-between hidden sm:flex"
        >
          <div
            class="flex flex-col w-1/2"
          >
            <span
              style="display: block; width: 1px; min-width: 1px; height: 5px; min-height: 5px;"
            />
            <p
              class="body-1"
            >
              My Points
            </p>
            <span
              style="display: block; width: 1px; min-width: 1px; height: 16px; min-height: 16px;"
            />
            <div>
              <div
                aria-label="bar chart"
                style="height: 10px; width: 70%;"
              />
            </div>
            <span
              style="display: block; width: 1px; min-width: 1px; height: 12px; min-height: 12px;"
            />
            <div
              class="flex flex-row justify-between"
            >
              <div
                class="flex flex-col"
              >
                <p
                  class="body-1 font-bold"
                >
                  70 pts
                </p>
                <p
                  class="body-1"
                >
                  Earned
                </p>
              </div>
              <div
                class="flex flex-col items-end"
              >
                <p
                  class="body-1 font-bold text-end"
                >
                  100 pts
                </p>
                <p
                  class="body-1"
                >
                  Max
                </p>
              </div>
            </div>
            <span
              style="display: block; width: 1px; min-width: 1px; height: 18px; min-height: 18px;"
            />
            <div
              class="flex flex-row items-center"
            >
              <p
                class="body-1"
              >
                100 points = $100
              </p>
               |
              <a
                style="display: block;"
                tabindex="-1"
              >
                <button
                  class="flex flex-row link-container undefined"
                  style="max-width: max-content; height: auto; display: block;"
                  tabindex="0"
                >
                  <p
                    class="link undefined"
                    style="display: block;"
                  >
                    View Rewards FAQ
                  </p>
                </button>
              </a>
            </div>
            <span
              style="display: block; width: 1px; min-width: 1px; height: 18px; min-height: 18px;"
            />
            <button
              aria-label="View Ways to Earn"
              class="button-text primary text-center flex flex-row justify-center items-center min-w-fit null undefined"
              type="button"
            >
              View Ways to Earn
              <p
                class="ml-2"
              >
                <img
                  alt="external icon"
                  data-nimg="1"
                  decoding="async"
                  height="40"
                  loading="lazy"
                  src="/_next/image?url=%2Fimg.jpg&w=96&q=75"
                  srcset="/_next/image?url=%2Fimg.jpg&w=48&q=75 1x, /_next/image?url=%2Fimg.jpg&w=96&q=75 2x"
                  style="color: transparent;"
                  width="40"
                />
              </p>
            </button>
          </div>
          <div
            class=""
            style="width: 1px; height: auto; background-color: rgb(204, 204, 204);"
          />
          <div
            class="flex flex-col"
          >
            <div
              class="flex flex-col chartSection"
            >
              <div
                class="text-center absolute doughnutTextWellness pl-3 w-48"
              >
                <div
                  class="flex flex-col justify-between pl-3 chartText"
                >
                  <p>
                    You've earned
                  </p>
                  <p
                    class="font-bold"
                  >
                    $0.00
                  </p>
                  <p>
                    of 
                    $100.00
                     Quarterly Max
                  </p>
                </div>
              </div>
              <span
                style="display: block; width: 1px; min-width: 1px; height: 8px; min-height: 8px;"
              />
              <canvas
                class="spendingSummaryChart"
                height="150"
                role="img"
                width="300"
              />
              <span
                style="display: block; width: 1px; min-width: 1px; height: 32px; min-height: 32px;"
              />
            </div>
          </div>
        </div>
        <div
          class="flex flex-col block sm:hidden"
        >
          <span
            style="display: block; width: 1px; min-width: 1px; height: 5px; min-height: 5px;"
          />
          <p
            class="body-1"
          >
            My Points
          </p>
          <span
            style="display: block; width: 1px; min-width: 1px; height: 16px; min-height: 16px;"
          />
          <div>
            <div
              aria-label="bar chart"
              style="height: 10px; width: 70%;"
            />
          </div>
          <span
            style="display: block; width: 1px; min-width: 1px; height: 12px; min-height: 12px;"
          />
          <div
            class="flex flex-row justify-between"
          >
            <div
              class="flex flex-col"
            >
              <p
                class="body-1 font-bold"
              >
                70 pts
              </p>
              <p
                class="body-1"
              >
                Earned
              </p>
            </div>
            <div
              class="flex flex-col"
            >
              <p
                class="body-1 font-bold text-end"
              >
                100 pts
              </p>
              <p
                class="body-1"
              >
                Max
              </p>
            </div>
          </div>
          <span
            style="display: block; width: 1px; min-width: 1px; height: 18px; min-height: 18px;"
          />
          <div
            class="flex flex-row items-center"
          >
            <p
              class="body-1"
            >
              100 points = $100
            </p>
             |
            <a
              style="display: block;"
              tabindex="-1"
            >
              <button
                class="flex flex-row link-container undefined"
                style="max-width: max-content; height: auto; display: block;"
                tabindex="0"
              >
                <p
                  class="link undefined"
                  style="display: block;"
                >
                  View Rewards FAQ
                </p>
              </button>
            </a>
          </div>
          <span
            style="display: block; width: 1px; min-width: 1px; height: 18px; min-height: 18px;"
          />
          <button
            aria-label="View Ways to Earn"
            class="button-text primary text-center flex flex-row justify-center items-center min-w-fit null undefined"
            type="button"
          >
            View Ways to Earn
            <p
              class="ml-2"
            >
              <img
                alt="external icon"
                data-nimg="1"
                decoding="async"
                height="40"
                loading="lazy"
                src="/_next/image?url=%2Fimg.jpg&w=96&q=75"
                srcset="/_next/image?url=%2Fimg.jpg&w=48&q=75 1x, /_next/image?url=%2Fimg.jpg&w=96&q=75 2x"
                style="color: transparent;"
                width="40"
              />
            </p>
          </button>
          <span
            style="display: block; width: 1px; min-width: 1px; height: 32px; min-height: 32px;"
          />
          <div
            class=""
            style="width: 100%; height: 1px; background-color: rgb(204, 204, 204);"
          />
          <span
            style="display: block; width: 1px; min-width: 1px; height: 25px; min-height: 25px;"
          />
          <div
            class="flex flex-col chartSection"
          >
            <div
              class="text-center absolute doughnutTextWellness pl-3 w-48"
            >
              <div
                class="flex flex-col justify-between pl-3 chartText"
              >
                <p>
                  You've earned
                </p>
                <p
                  class="font-bold"
                >
                  $0.00
                </p>
                <p>
                  of 
                  $100.00
                   Quarterly Max
                </p>
              </div>
            </div>
            <span
              style="display: block; width: 1px; min-width: 1px; height: 8px; min-height: 8px;"
            />
            <canvas
              class="spendingSummaryChart"
              height="150"
              role="img"
              width="300"
            />
            <span
              style="display: block; width: 1px; min-width: 1px; height: 32px; min-height: 32px;"
            />
          </div>
        </div>
      </div>
    </div>
  </body>,
  "container": <div>
    <div
      class="card-main section"
    >
      <h2
        class="title-2"
      >
        Wellness Rewards
      </h2>
      <span
        style="display: block; width: 1px; min-width: 1px; height: 25px; min-height: 25px;"
      />
      <div
        class="flex flex-row justify-between hidden sm:flex"
      >
        <div
          class="flex flex-col w-1/2"
        >
          <span
            style="display: block; width: 1px; min-width: 1px; height: 5px; min-height: 5px;"
          />
          <p
            class="body-1"
          >
            My Points
          </p>
          <span
            style="display: block; width: 1px; min-width: 1px; height: 16px; min-height: 16px;"
          />
          <div>
            <div
              aria-label="bar chart"
              style="height: 10px; width: 70%;"
            />
          </div>
          <span
            style="display: block; width: 1px; min-width: 1px; height: 12px; min-height: 12px;"
          />
          <div
            class="flex flex-row justify-between"
          >
            <div
              class="flex flex-col"
            >
              <p
                class="body-1 font-bold"
              >
                70 pts
              </p>
              <p
                class="body-1"
              >
                Earned
              </p>
            </div>
            <div
              class="flex flex-col items-end"
            >
              <p
                class="body-1 font-bold text-end"
              >
                100 pts
              </p>
              <p
                class="body-1"
              >
                Max
              </p>
            </div>
          </div>
          <span
            style="display: block; width: 1px; min-width: 1px; height: 18px; min-height: 18px;"
          />
          <div
            class="flex flex-row items-center"
          >
            <p
              class="body-1"
            >
              100 points = $100
            </p>
             |
            <a
              style="display: block;"
              tabindex="-1"
            >
              <button
                class="flex flex-row link-container undefined"
                style="max-width: max-content; height: auto; display: block;"
                tabindex="0"
              >
                <p
                  class="link undefined"
                  style="display: block;"
                >
                  View Rewards FAQ
                </p>
              </button>
            </a>
          </div>
          <span
            style="display: block; width: 1px; min-width: 1px; height: 18px; min-height: 18px;"
          />
          <button
            aria-label="View Ways to Earn"
            class="button-text primary text-center flex flex-row justify-center items-center min-w-fit null undefined"
            type="button"
          >
            View Ways to Earn
            <p
              class="ml-2"
            >
              <img
                alt="external icon"
                data-nimg="1"
                decoding="async"
                height="40"
                loading="lazy"
                src="/_next/image?url=%2Fimg.jpg&w=96&q=75"
                srcset="/_next/image?url=%2Fimg.jpg&w=48&q=75 1x, /_next/image?url=%2Fimg.jpg&w=96&q=75 2x"
                style="color: transparent;"
                width="40"
              />
            </p>
          </button>
        </div>
        <div
          class=""
          style="width: 1px; height: auto; background-color: rgb(204, 204, 204);"
        />
        <div
          class="flex flex-col"
        >
          <div
            class="flex flex-col chartSection"
          >
            <div
              class="text-center absolute doughnutTextWellness pl-3 w-48"
            >
              <div
                class="flex flex-col justify-between pl-3 chartText"
              >
                <p>
                  You've earned
                </p>
                <p
                  class="font-bold"
                >
                  $0.00
                </p>
                <p>
                  of 
                  $100.00
                   Quarterly Max
                </p>
              </div>
            </div>
            <span
              style="display: block; width: 1px; min-width: 1px; height: 8px; min-height: 8px;"
            />
            <canvas
              class="spendingSummaryChart"
              height="150"
              role="img"
              width="300"
            />
            <span
              style="display: block; width: 1px; min-width: 1px; height: 32px; min-height: 32px;"
            />
          </div>
        </div>
      </div>
      <div
        class="flex flex-col block sm:hidden"
      >
        <span
          style="display: block; width: 1px; min-width: 1px; height: 5px; min-height: 5px;"
        />
        <p
          class="body-1"
        >
          My Points
        </p>
        <span
          style="display: block; width: 1px; min-width: 1px; height: 16px; min-height: 16px;"
        />
        <div>
          <div
            aria-label="bar chart"
            style="height: 10px; width: 70%;"
          />
        </div>
        <span
          style="display: block; width: 1px; min-width: 1px; height: 12px; min-height: 12px;"
        />
        <div
          class="flex flex-row justify-between"
        >
          <div
            class="flex flex-col"
          >
            <p
              class="body-1 font-bold"
            >
              70 pts
            </p>
            <p
              class="body-1"
            >
              Earned
            </p>
          </div>
          <div
            class="flex flex-col"
          >
            <p
              class="body-1 font-bold text-end"
            >
              100 pts
            </p>
            <p
              class="body-1"
            >
              Max
            </p>
          </div>
        </div>
        <span
          style="display: block; width: 1px; min-width: 1px; height: 18px; min-height: 18px;"
        />
        <div
          class="flex flex-row items-center"
        >
          <p
            class="body-1"
          >
            100 points = $100
          </p>
           |
          <a
            style="display: block;"
            tabindex="-1"
          >
            <button
              class="flex flex-row link-container undefined"
              style="max-width: max-content; height: auto; display: block;"
              tabindex="0"
            >
              <p
                class="link undefined"
                style="display: block;"
              >
                View Rewards FAQ
              </p>
            </button>
          </a>
        </div>
        <span
          style="display: block; width: 1px; min-width: 1px; height: 18px; min-height: 18px;"
        />
        <button
          aria-label="View Ways to Earn"
          class="button-text primary text-center flex flex-row justify-center items-center min-w-fit null undefined"
          type="button"
        >
          View Ways to Earn
          <p
            class="ml-2"
          >
            <img
              alt="external icon"
              data-nimg="1"
              decoding="async"
              height="40"
              loading="lazy"
              src="/_next/image?url=%2Fimg.jpg&w=96&q=75"
              srcset="/_next/image?url=%2Fimg.jpg&w=48&q=75 1x, /_next/image?url=%2Fimg.jpg&w=96&q=75 2x"
              style="color: transparent;"
              width="40"
            />
          </p>
        </button>
        <span
          style="display: block; width: 1px; min-width: 1px; height: 32px; min-height: 32px;"
        />
        <div
          class=""
          style="width: 100%; height: 1px; background-color: rgb(204, 204, 204);"
        />
        <span
          style="display: block; width: 1px; min-width: 1px; height: 25px; min-height: 25px;"
        />
        <div
          class="flex flex-col chartSection"
        >
          <div
            class="text-center absolute doughnutTextWellness pl-3 w-48"
          >
            <div
              class="flex flex-col justify-between pl-3 chartText"
            >
              <p>
                You've earned
              </p>
              <p
                class="font-bold"
              >
                $0.00
              </p>
              <p>
                of 
                $100.00
                 Quarterly Max
              </p>
            </div>
          </div>
          <span
            style="display: block; width: 1px; min-width: 1px; height: 8px; min-height: 8px;"
          />
          <canvas
            class="spendingSummaryChart"
            height="150"
            role="img"
            width="300"
          />
          <span
            style="display: block; width: 1px; min-width: 1px; height: 32px; min-height: 32px;"
          />
        </div>
      </div>
    </div>
  </div>,
  "debug": [Function],
  "findAllByAltText": [Function],
  "findAllByDisplayValue": [Function],
  "findAllByLabelText": [Function],
  "findAllByPlaceholderText": [Function],
  "findAllByRole": [Function],
  "findAllByTestId": [Function],
  "findAllByText": [Function],
  "findAllByTitle": [Function],
  "findByAltText": [Function],
  "findByDisplayValue": [Function],
  "findByLabelText": [Function],
  "findByPlaceholderText": [Function],
  "findByRole": [Function],
  "findByTestId": [Function],
  "findByText": [Function],
  "findByTitle": [Function],
  "getAllByAltText": [Function],
  "getAllByDisplayValue": [Function],
  "getAllByLabelText": [Function],
  "getAllByPlaceholderText": [Function],
  "getAllByRole": [Function],
  "getAllByTestId": [Function],
  "getAllByText": [Function],
  "getAllByTitle": [Function],
  "getByAltText": [Function],
  "getByDisplayValue": [Function],
  "getByLabelText": [Function],
  "getByPlaceholderText": [Function],
  "getByRole": [Function],
  "getByTestId": [Function],
  "getByText": [Function],
  "getByTitle": [Function],
  "queryAllByAltText": [Function],
  "queryAllByDisplayValue": [Function],
  "queryAllByLabelText": [Function],
  "queryAllByPlaceholderText": [Function],
  "queryAllByRole": [Function],
  "queryAllByTestId": [Function],
  "queryAllByText": [Function],
  "queryAllByTitle": [Function],
  "queryByAltText": [Function],
  "queryByDisplayValue": [Function],
  "queryByLabelText": [Function],
  "queryByPlaceholderText": [Function],
  "queryByRole": [Function],
  "queryByTestId": [Function],
  "queryByText": [Function],
  "queryByTitle": [Function],
  "rerender": [Function],
  "unmount": [Function],
}
`;
