// Jest Snapshot v1, https://goo.gl/fbAQLP

exports[`PharmacySpendingSummary should render the UI correctly 1`] = `
{
  "asFragment": [Function],
  "baseElement": <body>
    <div>
      <div
        class="card-main large-section md:w-[352px] md:h-[248px]"
      >
        <div
          class="flex flex-col"
        >
          <h2
            class="title-2"
          >
            My Pharmacy Spending Summary
          </h2>
          <span
            style="display: block; width: 1px; min-width: 1px; height: 16px; min-height: 16px;"
          />
          <p
            class="body-1"
            style="display: block;"
          >
            View your annual statement for your pharmacy claims.
          </p>
          <span
            style="display: block; width: 1px; min-width: 1px; height: 32px; min-height: 32px;"
          />
          <a
            aria-label="View Pharmacy Spending Summary"
            style="display: block;"
          >
            <button
              class="flex flex-row link-container !flex p-0"
              style="max-width: max-content; height: auto; display: block;"
              tabindex="-1"
              type="button"
            >
              <p
                class="link undefined"
              >
                View Pharmacy Spending Summary
              </p>
            </button>
          </a>
        </div>
      </div>
    </div>
  </body>,
  "container": <div>
    <div
      class="card-main large-section md:w-[352px] md:h-[248px]"
    >
      <div
        class="flex flex-col"
      >
        <h2
          class="title-2"
        >
          My Pharmacy Spending Summary
        </h2>
        <span
          style="display: block; width: 1px; min-width: 1px; height: 16px; min-height: 16px;"
        />
        <p
          class="body-1"
          style="display: block;"
        >
          View your annual statement for your pharmacy claims.
        </p>
        <span
          style="display: block; width: 1px; min-width: 1px; height: 32px; min-height: 32px;"
        />
        <a
          aria-label="View Pharmacy Spending Summary"
          style="display: block;"
        >
          <button
            class="flex flex-row link-container !flex p-0"
            style="max-width: max-content; height: auto; display: block;"
            tabindex="-1"
            type="button"
          >
            <p
              class="link undefined"
            >
              View Pharmacy Spending Summary
            </p>
          </button>
        </a>
      </div>
    </div>
  </div>,
  "debug": [Function],
  "findAllByAltText": [Function],
  "findAllByDisplayValue": [Function],
  "findAllByLabelText": [Function],
  "findAllByPlaceholderText": [Function],
  "findAllByRole": [Function],
  "findAllByTestId": [Function],
  "findAllByText": [Function],
  "findAllByTitle": [Function],
  "findByAltText": [Function],
  "findByDisplayValue": [Function],
  "findByLabelText": [Function],
  "findByPlaceholderText": [Function],
  "findByRole": [Function],
  "findByTestId": [Function],
  "findByText": [Function],
  "findByTitle": [Function],
  "getAllByAltText": [Function],
  "getAllByDisplayValue": [Function],
  "getAllByLabelText": [Function],
  "getAllByPlaceholderText": [Function],
  "getAllByRole": [Function],
  "getAllByTestId": [Function],
  "getAllByText": [Function],
  "getAllByTitle": [Function],
  "getByAltText": [Function],
  "getByDisplayValue": [Function],
  "getByLabelText": [Function],
  "getByPlaceholderText": [Function],
  "getByRole": [Function],
  "getByTestId": [Function],
  "getByText": [Function],
  "getByTitle": [Function],
  "queryAllByAltText": [Function],
  "queryAllByDisplayValue": [Function],
  "queryAllByLabelText": [Function],
  "queryAllByPlaceholderText": [Function],
  "queryAllByRole": [Function],
  "queryAllByTestId": [Function],
  "queryAllByText": [Function],
  "queryAllByTitle": [Function],
  "queryByAltText": [Function],
  "queryByDisplayValue": [Function],
  "queryByLabelText": [Function],
  "queryByPlaceholderText": [Function],
  "queryByRole": [Function],
  "queryByTestId": [Function],
  "queryByText": [Function],
  "queryByTitle": [Function],
  "rerender": [Function],
  "unmount": [Function],
}
`;
