// Jest Snapshot v1, https://goo.gl/fbAQLP

exports[`EnrollmentForm Section should render the UI correctly 1`] = `
{
  "asFragment": [Function],
  "baseElement": <body>
    <div>
      <div
        class="card-main large-section"
      >
        <section>
          <h1
            class="title-1 title-2 font-bold"
          >
            Enroll in Health Maternity
          </h1>
          <span
            style="display: block; width: 1px; min-width: 1px; height: 8px; min-height: 8px;"
          />
          <p
            class="body-1"
            style="display: block; max-width: 100%;"
          >
            Please confirm your details below.
          </p>
          <span
            style="display: block; width: 1px; min-width: 1px; height: 16px; min-height: 16px;"
          />
          <div
            class="card-main large-section"
          >
            <section
              class="w-4/5 m-auto text-center stepSection"
            >
              <p
                class="body-1 stepRoundBlue"
                style="display: block; max-width: 100%;"
              >
                1
              </p>
              <div
                class="stepLineBlue"
                style="width: 100%; height: 5px; background-color: rgb(204, 204, 204);"
              />
              <p
                class="body-1 stepRoundBlue"
                style="display: block; max-width: 100%;"
              >
                2
              </p>
              <div
                class="stepLineBlue"
                style="width: 100%; height: 5px; background-color: rgb(204, 204, 204);"
              />
              <p
                class="body-1 stepRoundBlue"
                style="display: block; max-width: 100%;"
              >
                3
              </p>
              <span
                style="display: block; width: 1px; min-width: 1px; height: 18px; min-height: 18px;"
              />
              <div
                class="flex flex-col items-center"
              >
                <img
                  alt=""
                  class="size-[80px]"
                  data-nimg="1"
                  decoding="async"
                  height="40"
                  loading="lazy"
                  src="/_next/image?url=%2Fimg.jpg&w=96&q=75"
                  srcset="/_next/image?url=%2Fimg.jpg&w=48&q=75 1x, /_next/image?url=%2Fimg.jpg&w=96&q=75 2x"
                  style="color: transparent;"
                  width="40"
                />
                <span
                  style="display: block; width: 1px; min-width: 1px; height: 24px; min-height: 24px;"
                />
                <h1
                  class="title-1 title-2"
                >
                  You're Enrolled in the Healthy Maternity Program
                </h1>
                <span
                  style="display: block; width: 1px; min-width: 1px; height: 16px; min-height: 16px;"
                />
                <div
                  class="flex flex-col"
                >
                  <p
                    class="body-2"
                    style="display: block; max-width: 100%;"
                  >
                    We'll review your information and a nurse will reach out to you soon.
                  </p>
                  <span
                    style="display: block; width: 1px; min-width: 1px; height: 18px; min-height: 18px;"
                  />
                  <div
                    class=""
                    style="width: 100%; height: 1px; background-color: rgb(204, 204, 204);"
                  />
                  <span
                    style="display: block; width: 1px; min-width: 1px; height: 18px; min-height: 18px;"
                  />
                  <p
                    class="body-1"
                    style="display: block; max-width: 100%;"
                  >
                    Next Steps
                  </p>
                  <span
                    style="display: block; width: 1px; min-width: 1px; height: 8px; min-height: 8px;"
                  />
                  <p
                    class="body-2"
                    style="display: block; max-width: 100%;"
                  >
                    Download the CareTN app and enter the access code below to set up your account.
                  </p>
                  <span
                    style="display: block; width: 1px; min-width: 1px; height: 9px; min-height: 9px;"
                  />
                  <div
                    class="flex flex-col py-3 px-7 accessCodeBackground"
                  >
                    <p
                      class="body-2"
                      style="display: block; max-width: 100%;"
                    >
                      Access Code
                    </p>
                    <p
                      class="body-1 font-bold"
                      style="display: block; max-width: 100%;"
                    >
                      BlueAccess
                    </p>
                  </div>
                </div>
              </div>
            </section>
          </div>
        </section>
      </div>
    </div>
  </body>,
  "container": <div>
    <div
      class="card-main large-section"
    >
      <section>
        <h1
          class="title-1 title-2 font-bold"
        >
          Enroll in Health Maternity
        </h1>
        <span
          style="display: block; width: 1px; min-width: 1px; height: 8px; min-height: 8px;"
        />
        <p
          class="body-1"
          style="display: block; max-width: 100%;"
        >
          Please confirm your details below.
        </p>
        <span
          style="display: block; width: 1px; min-width: 1px; height: 16px; min-height: 16px;"
        />
        <div
          class="card-main large-section"
        >
          <section
            class="w-4/5 m-auto text-center stepSection"
          >
            <p
              class="body-1 stepRoundBlue"
              style="display: block; max-width: 100%;"
            >
              1
            </p>
            <div
              class="stepLineBlue"
              style="width: 100%; height: 5px; background-color: rgb(204, 204, 204);"
            />
            <p
              class="body-1 stepRoundBlue"
              style="display: block; max-width: 100%;"
            >
              2
            </p>
            <div
              class="stepLineBlue"
              style="width: 100%; height: 5px; background-color: rgb(204, 204, 204);"
            />
            <p
              class="body-1 stepRoundBlue"
              style="display: block; max-width: 100%;"
            >
              3
            </p>
            <span
              style="display: block; width: 1px; min-width: 1px; height: 18px; min-height: 18px;"
            />
            <div
              class="flex flex-col items-center"
            >
              <img
                alt=""
                class="size-[80px]"
                data-nimg="1"
                decoding="async"
                height="40"
                loading="lazy"
                src="/_next/image?url=%2Fimg.jpg&w=96&q=75"
                srcset="/_next/image?url=%2Fimg.jpg&w=48&q=75 1x, /_next/image?url=%2Fimg.jpg&w=96&q=75 2x"
                style="color: transparent;"
                width="40"
              />
              <span
                style="display: block; width: 1px; min-width: 1px; height: 24px; min-height: 24px;"
              />
              <h1
                class="title-1 title-2"
              >
                You're Enrolled in the Healthy Maternity Program
              </h1>
              <span
                style="display: block; width: 1px; min-width: 1px; height: 16px; min-height: 16px;"
              />
              <div
                class="flex flex-col"
              >
                <p
                  class="body-2"
                  style="display: block; max-width: 100%;"
                >
                  We'll review your information and a nurse will reach out to you soon.
                </p>
                <span
                  style="display: block; width: 1px; min-width: 1px; height: 18px; min-height: 18px;"
                />
                <div
                  class=""
                  style="width: 100%; height: 1px; background-color: rgb(204, 204, 204);"
                />
                <span
                  style="display: block; width: 1px; min-width: 1px; height: 18px; min-height: 18px;"
                />
                <p
                  class="body-1"
                  style="display: block; max-width: 100%;"
                >
                  Next Steps
                </p>
                <span
                  style="display: block; width: 1px; min-width: 1px; height: 8px; min-height: 8px;"
                />
                <p
                  class="body-2"
                  style="display: block; max-width: 100%;"
                >
                  Download the CareTN app and enter the access code below to set up your account.
                </p>
                <span
                  style="display: block; width: 1px; min-width: 1px; height: 9px; min-height: 9px;"
                />
                <div
                  class="flex flex-col py-3 px-7 accessCodeBackground"
                >
                  <p
                    class="body-2"
                    style="display: block; max-width: 100%;"
                  >
                    Access Code
                  </p>
                  <p
                    class="body-1 font-bold"
                    style="display: block; max-width: 100%;"
                  >
                    BlueAccess
                  </p>
                </div>
              </div>
            </div>
          </section>
        </div>
      </section>
    </div>
  </div>,
  "debug": [Function],
  "findAllByAltText": [Function],
  "findAllByDisplayValue": [Function],
  "findAllByLabelText": [Function],
  "findAllByPlaceholderText": [Function],
  "findAllByRole": [Function],
  "findAllByTestId": [Function],
  "findAllByText": [Function],
  "findAllByTitle": [Function],
  "findByAltText": [Function],
  "findByDisplayValue": [Function],
  "findByLabelText": [Function],
  "findByPlaceholderText": [Function],
  "findByRole": [Function],
  "findByTestId": [Function],
  "findByText": [Function],
  "findByTitle": [Function],
  "getAllByAltText": [Function],
  "getAllByDisplayValue": [Function],
  "getAllByLabelText": [Function],
  "getAllByPlaceholderText": [Function],
  "getAllByRole": [Function],
  "getAllByTestId": [Function],
  "getAllByText": [Function],
  "getAllByTitle": [Function],
  "getByAltText": [Function],
  "getByDisplayValue": [Function],
  "getByLabelText": [Function],
  "getByPlaceholderText": [Function],
  "getByRole": [Function],
  "getByTestId": [Function],
  "getByText": [Function],
  "getByTitle": [Function],
  "queryAllByAltText": [Function],
  "queryAllByDisplayValue": [Function],
  "queryAllByLabelText": [Function],
  "queryAllByPlaceholderText": [Function],
  "queryAllByRole": [Function],
  "queryAllByTestId": [Function],
  "queryAllByText": [Function],
  "queryAllByTitle": [Function],
  "queryByAltText": [Function],
  "queryByDisplayValue": [Function],
  "queryByLabelText": [Function],
  "queryByPlaceholderText": [Function],
  "queryByRole": [Function],
  "queryByTestId": [Function],
  "queryByText": [Function],
  "queryByTitle": [Function],
  "rerender": [Function],
  "unmount": [Function],
}
`;
