// Jest Snapshot v1, https://goo.gl/fbAQLP

exports[`HealthyMaternityMobileApp Section should render the UI correctly 1`] = `
{
  "asFragment": [Function],
  "baseElement": <body>
    <div>
      <div
        class="card-main large-section overlap-bottom"
      >
        <section
          class="md:flex md:flex-row"
        >
          <img
            alt="careTN"
            data-nimg="1"
            decoding="async"
            height="40"
            loading="lazy"
            src="/_next/image?url=%2Fimg.jpg&w=96&q=75"
            srcset="/_next/image?url=%2Fimg.jpg&w=48&q=75 1x, /_next/image?url=%2Fimg.jpg&w=96&q=75 2x"
            style="color: transparent;"
            width="40"
          />
          <span
            style="display: block; width: 1px; min-width: 1px; height: 16px; min-height: 16px;"
          />
          <div
            class="flex flex-col"
          >
            <h2
              class="title-2"
            >
              Healthy Maternity & CareTN Mobile App
            </h2>
            <span
              style="display: block; width: 1px; min-width: 1px; height: 16px; min-height: 16px;"
            />
            <p
              class="body-1"
              style="display: block;"
            >
              Once you've enrolled, download the CareTN app. You can use the app to message a maternity nurse and access program resources.
            </p>
            <div>
              <p
                class="body-1 body-1 m-4"
                style="display: block;"
              >
                In the app you can:
              </p>
              <ul
                class="list-disc m-8 mb-0 marker:text-[#5DC1FD]"
              >
                <div>
                  <li>
                    Learn about eating healthy for you and your baby
                  </li>
                  <span
                    style="display: block; width: 1px; min-width: 1px; height: 8px; min-height: 8px;"
                  />
                </div>
                <div>
                  <li>
                    Track doctor visits and set reminders
                  </li>
                  <span
                    style="display: block; width: 1px; min-width: 1px; height: 8px; min-height: 8px;"
                  />
                </div>
                <div>
                  <li>
                    Get information on immunizations and when to schedule them
                  </li>
                  <span
                    style="display: block; width: 1px; min-width: 1px; height: 8px; min-height: 8px;"
                  />
                </div>
                <div>
                  <li>
                    Connect with maternity nurse
                  </li>
                  <span
                    style="display: block; width: 1px; min-width: 1px; height: 8px; min-height: 8px;"
                  />
                </div>
              </ul>
            </div>
            <span
              style="display: block; width: 1px; min-width: 1px; height: 32px; min-height: 32px;"
            />
            <section
              class="justify-start flex flex-row"
            >
              <a
                href="https://apps.apple.com/us/app/amplifyhealth/id6444489335"
              >
                <img
                  alt="Download Amplify App from AppStore"
                  data-nimg="1"
                  decoding="async"
                  height="40"
                  loading="lazy"
                  src="/_next/image?url=%2Fimg.jpg&w=96&q=75"
                  srcset="/_next/image?url=%2Fimg.jpg&w=48&q=75 1x, /_next/image?url=%2Fimg.jpg&w=96&q=75 2x"
                  style="color: transparent;"
                  width="40"
                />
              </a>
              <a
                class="pl-[10px]"
                href="https://play.google.com/store/apps/details?id=com.bcbst.amplify&hl=en_US"
              >
                <img
                  alt="Download Amplify App from PlayStore"
                  data-nimg="1"
                  decoding="async"
                  height="40"
                  loading="lazy"
                  src="/_next/image?url=%2Fimg.jpg&w=96&q=75"
                  srcset="/_next/image?url=%2Fimg.jpg&w=48&q=75 1x, /_next/image?url=%2Fimg.jpg&w=96&q=75 2x"
                  style="color: transparent;"
                  width="40"
                />
              </a>
            </section>
          </div>
        </section>
      </div>
    </div>
  </body>,
  "container": <div>
    <div
      class="card-main large-section overlap-bottom"
    >
      <section
        class="md:flex md:flex-row"
      >
        <img
          alt="careTN"
          data-nimg="1"
          decoding="async"
          height="40"
          loading="lazy"
          src="/_next/image?url=%2Fimg.jpg&w=96&q=75"
          srcset="/_next/image?url=%2Fimg.jpg&w=48&q=75 1x, /_next/image?url=%2Fimg.jpg&w=96&q=75 2x"
          style="color: transparent;"
          width="40"
        />
        <span
          style="display: block; width: 1px; min-width: 1px; height: 16px; min-height: 16px;"
        />
        <div
          class="flex flex-col"
        >
          <h2
            class="title-2"
          >
            Healthy Maternity & CareTN Mobile App
          </h2>
          <span
            style="display: block; width: 1px; min-width: 1px; height: 16px; min-height: 16px;"
          />
          <p
            class="body-1"
            style="display: block;"
          >
            Once you've enrolled, download the CareTN app. You can use the app to message a maternity nurse and access program resources.
          </p>
          <div>
            <p
              class="body-1 body-1 m-4"
              style="display: block;"
            >
              In the app you can:
            </p>
            <ul
              class="list-disc m-8 mb-0 marker:text-[#5DC1FD]"
            >
              <div>
                <li>
                  Learn about eating healthy for you and your baby
                </li>
                <span
                  style="display: block; width: 1px; min-width: 1px; height: 8px; min-height: 8px;"
                />
              </div>
              <div>
                <li>
                  Track doctor visits and set reminders
                </li>
                <span
                  style="display: block; width: 1px; min-width: 1px; height: 8px; min-height: 8px;"
                />
              </div>
              <div>
                <li>
                  Get information on immunizations and when to schedule them
                </li>
                <span
                  style="display: block; width: 1px; min-width: 1px; height: 8px; min-height: 8px;"
                />
              </div>
              <div>
                <li>
                  Connect with maternity nurse
                </li>
                <span
                  style="display: block; width: 1px; min-width: 1px; height: 8px; min-height: 8px;"
                />
              </div>
            </ul>
          </div>
          <span
            style="display: block; width: 1px; min-width: 1px; height: 32px; min-height: 32px;"
          />
          <section
            class="justify-start flex flex-row"
          >
            <a
              href="https://apps.apple.com/us/app/amplifyhealth/id6444489335"
            >
              <img
                alt="Download Amplify App from AppStore"
                data-nimg="1"
                decoding="async"
                height="40"
                loading="lazy"
                src="/_next/image?url=%2Fimg.jpg&w=96&q=75"
                srcset="/_next/image?url=%2Fimg.jpg&w=48&q=75 1x, /_next/image?url=%2Fimg.jpg&w=96&q=75 2x"
                style="color: transparent;"
                width="40"
              />
            </a>
            <a
              class="pl-[10px]"
              href="https://play.google.com/store/apps/details?id=com.bcbst.amplify&hl=en_US"
            >
              <img
                alt="Download Amplify App from PlayStore"
                data-nimg="1"
                decoding="async"
                height="40"
                loading="lazy"
                src="/_next/image?url=%2Fimg.jpg&w=96&q=75"
                srcset="/_next/image?url=%2Fimg.jpg&w=48&q=75 1x, /_next/image?url=%2Fimg.jpg&w=96&q=75 2x"
                style="color: transparent;"
                width="40"
              />
            </a>
          </section>
        </div>
      </section>
    </div>
  </div>,
  "debug": [Function],
  "findAllByAltText": [Function],
  "findAllByDisplayValue": [Function],
  "findAllByLabelText": [Function],
  "findAllByPlaceholderText": [Function],
  "findAllByRole": [Function],
  "findAllByTestId": [Function],
  "findAllByText": [Function],
  "findAllByTitle": [Function],
  "findByAltText": [Function],
  "findByDisplayValue": [Function],
  "findByLabelText": [Function],
  "findByPlaceholderText": [Function],
  "findByRole": [Function],
  "findByTestId": [Function],
  "findByText": [Function],
  "findByTitle": [Function],
  "getAllByAltText": [Function],
  "getAllByDisplayValue": [Function],
  "getAllByLabelText": [Function],
  "getAllByPlaceholderText": [Function],
  "getAllByRole": [Function],
  "getAllByTestId": [Function],
  "getAllByText": [Function],
  "getAllByTitle": [Function],
  "getByAltText": [Function],
  "getByDisplayValue": [Function],
  "getByLabelText": [Function],
  "getByPlaceholderText": [Function],
  "getByRole": [Function],
  "getByTestId": [Function],
  "getByText": [Function],
  "getByTitle": [Function],
  "queryAllByAltText": [Function],
  "queryAllByDisplayValue": [Function],
  "queryAllByLabelText": [Function],
  "queryAllByPlaceholderText": [Function],
  "queryAllByRole": [Function],
  "queryAllByTestId": [Function],
  "queryAllByText": [Function],
  "queryAllByTitle": [Function],
  "queryByAltText": [Function],
  "queryByDisplayValue": [Function],
  "queryByLabelText": [Function],
  "queryByPlaceholderText": [Function],
  "queryByRole": [Function],
  "queryByTestId": [Function],
  "queryByText": [Function],
  "queryByTitle": [Function],
  "rerender": [Function],
  "unmount": [Function],
}
`;
