// Jest Snapshot v1, https://goo.gl/fbAQLP

exports[`Dashboard when PR is selected should render UI correctly with proper greeting and plan details 1`] = `
<div>
  <div
    class="flex flex-col justify-center items-center page"
  >
    <div
      class="flex flex-col h-175px w-full text-white justify-center items-center brand-gradient px-4 "
    >
      <div
        class="flex flex-col items-start w-full app-content px-4"
      >
        <span
          style="display: block; width: 1px; min-width: 1px; height: 32px; min-height: 32px;"
        />
        <h1
          class="title-1 font-thin"
        >
          Welcome, 
           
          Chris
        </h1>
        <span
          style="display: block; width: 1px; min-width: 1px; height: 16px; min-height: 16px;"
        />
        <p
          class="body-1"
          style="display: block; max-width: 100%;"
        >
          Plan: Chris B Hall Enterprises
        </p>
        <span
          style="display: block; width: 1px; min-width: 1px; height: 8px; min-height: 8px;"
        />
        <p
          class="body-1"
          style="display: block; max-width: 100%;"
        >
          Subscriber ID: 902218823
        </p>
        <span
          style="display: block; width: 1px; min-width: 1px; height: 8px; min-height: 8px;"
        />
        <p
          class="body-1"
          style="display: block; max-width: 100%;"
        >
          Group ID: 100000
        </p>
        <span
          style="display: block; width: 1px; min-width: 1px; height: 8px; min-height: 8px;"
        />
        <p
          class="body-1"
          style="display: block; max-width: 100%;"
        >
          Policies: Medical, Wellness, Vision, Dental
        </p>
        <span
          style="display: block; width: 1px; min-width: 1px; height: 16px; min-height: 16px;"
        />
        <a
          class="link-white-text"
          href="/member/myplan"
        >
          <p
            class="pb-2 pt-2"
          >
            View Plan Details
          </p>
        </a>
      </div>
    </div>
    <span
      style="display: block; width: 1px; min-width: 1px; height: 32px; min-height: 32px;"
    />
    <div
      class="flex flex-col w-full justify-center items-center page"
    >
      <div
        class="flex flex-col app-content app-base-font-color"
      >
        <span
          style="display: block; width: 1px; min-width: 1px; height: 32px; min-height: 32px;"
        />
        <section
          class="flex flex-row items-start app-body"
        >
          <div
            class="flex flex-col flex-grow page-section-63_33 items-stretch"
          >
            <div
              class="card-main large-section"
            >
              <div
                class="flex flex-col"
              >
                <h2
                  class="title-2"
                >
                  Recent Claims
                </h2>
                <span
                  style="display: block; width: 1px; min-width: 1px; height: 32px; min-height: 32px;"
                />
                <div
                  class="recentClaimsException"
                >
                  <div
                    class="flex flex-row p-2"
                  >
                    <img
                      alt=""
                      data-nimg="1"
                      decoding="async"
                      height="40"
                      loading="lazy"
                      src="/_next/image?url=%2Fimg.jpg&w=96&q=75"
                      srcset="/_next/image?url=%2Fimg.jpg&w=48&q=75 1x, /_next/image?url=%2Fimg.jpg&w=96&q=75 2x"
                      style="color: transparent;"
                      width="40"
                    />
                    <p
                      class="body-1 inline my-auto ml-4 p-2"
                      style="display: block; max-width: 100%;"
                    >
                      No Claims Found.
                    </p>
                  </div>
                </div>
                <span
                  style="display: block; width: 1px; min-width: 1px; height: 16px; min-height: 16px;"
                />
                <a
                  aria-label="View Claims"
                  href="/claims"
                  style="display: block;"
                >
                  <button
                    class="flex flex-row link-container undefined"
                    style="max-width: max-content; height: auto; display: block;"
                    tabindex="-1"
                    type="button"
                  >
                    <p
                      class="link undefined"
                    >
                      View Claims
                    </p>
                  </button>
                </a>
              </div>
            </div>
            <div
              class="card-main large-section"
            >
              <div
                class="flex flex-col"
              >
                <h2
                  class="title-2"
                >
                  Medical & Pharmacy Balance
                </h2>
                <span
                  style="display: block; width: 1px; min-width: 1px; height: 32px; min-height: 32px;"
                />
                <div
                  class="card-main neutral container undefined"
                >
                  <div
                    class="flex flex-row flex flex-row align-top m-4"
                  >
                    <img
                      alt=""
                      class="icon"
                      data-nimg="1"
                      decoding="async"
                      height="40"
                      loading="lazy"
                      src="/_next/image?url=%2Fimg.jpg&w=96&q=75"
                      srcset="/_next/image?url=%2Fimg.jpg&w=48&q=75 1x, /_next/image?url=%2Fimg.jpg&w=96&q=75 2x"
                      style="color: transparent;"
                      width="40"
                    />
                    <span
                      style="display: block; width: 8px; min-width: 8px; height: 1px; min-height: 1px;"
                    />
                    <div
                      class="flex flex-row flex flex-col flex-grow"
                    >
                      <p
                        class="body-1"
                      >
                        There was a problem loading your information. Please try refreshing the page or returning to this page later.
                      </p>
                    </div>
                  </div>
                </div>
              </div>
            </div>
          </div>
          <div
            class="flex flex-col  flex-grow page-section-36_67 items-stretch"
          >
            <div
              class="card-main large-section"
            >
              <div>
                <h2
                  class="title-2"
                >
                  Prior Authorization
                </h2>
                <span
                  style="display: block; width: 1px; min-width: 1px; height: 32px; min-height: 32px;"
                />
                <div
                  class="card-elevated cursor-pointer"
                  tabindex="0"
                >
                  <div
                    class=" flex-row align-top m-4"
                  >
                    <div
                      class="flex"
                    >
                      <img
                        alt=""
                        class="icon"
                        data-nimg="1"
                        decoding="async"
                        height="40"
                        loading="lazy"
                        src="/_next/image?url=%2Fimg.jpg&w=96&q=75"
                        srcset="/_next/image?url=%2Fimg.jpg&w=48&q=75 1x, /_next/image?url=%2Fimg.jpg&w=96&q=75 2x"
                        style="color: transparent;"
                        width="40"
                      />
                      <span
                        style="display: block; width: 8px; min-width: 8px; height: 1px; min-height: 1px;"
                      />
                      <span
                        class="font-bold"
                      >
                        Magnetic Resonance Images(MRI)
                      </span>
                    </div>
                    <span
                      style="display: block; width: 1px; min-width: 1px; height: 16px; min-height: 16px;"
                    />
                    <div
                      class="flex flex-col items-start"
                    >
                      <div
                        class="success flex flex-row justify-center items-center px-2 py-1 rounded"
                      >
                        <div
                          class="circle rounded-full w-3 h-3 aspect-square"
                        />
                        <p
                          class="font-bold ml-2 body-2"
                        >
                          Approved
                        </p>
                      </div>
                      <span
                        style="display: block; width: 1px; min-width: 1px; height: 8px; min-height: 8px;"
                      />
                      <span
                        class="body-1"
                      >
                        Visited on 
                        01/23/23
                        , For 
                        Chris Hall
                      </span>
                    </div>
                  </div>
                </div>
                <span
                  style="display: block; width: 1px; min-width: 1px; height: 32px; min-height: 32px;"
                />
                <a
                  aria-label="View Prior Authorizations"
                  style="display: block;"
                >
                  <button
                    class="flex flex-row link-container undefined"
                    style="max-width: max-content; height: auto; display: block;"
                    tabindex="-1"
                    type="button"
                  >
                    <p
                      class="link undefined"
                    >
                      View Prior Authorizations
                    </p>
                  </button>
                </a>
              </div>
            </div>
          </div>
        </section>
        <h2
          class="title-2 !font-light !text-[32px]/[40px]"
        >
          Find Care & Costs
        </h2>
        <section
          class="flex flex-row items-start app-body"
        >
          <div
            class="flex flex-col flex-grow page-section-63_33 items-stretch"
          >
            <div
              class="card-main large-section"
            >
              <div>
                <h3
                  class="title-2"
                >
                  Benefits & Coverage
                </h3>
                <span
                  style="display: block; width: 1px; min-width: 1px; height: 32px; min-height: 32px;"
                />
                <div
                  class="flex"
                >
                  <label
                    class="body-1"
                  >
                    Browse your benefits by category:
                  </label>
                  <span
                    style="display: block; width: 1px; min-width: 1px; height: 32px; min-height: 32px;"
                  />
                </div>
                <div>
                  <span
                    style="display: block; width: 1px; min-width: 1px; height: 16px; min-height: 16px;"
                  />
                  <a
                    class="flex flex-row w-fit"
                    href="/member/myplan/benefits"
                  >
                    <div
                      class="flex flex-col"
                    >
                      <button
                        class="body-bold"
                      >
                        Other Benefits
                      </button>
                      <span
                        style="display: block; width: 8px; min-width: 8px; height: 1px; min-height: 1px;"
                      />
                    </div>
                    <div
                      class="flex flex-col "
                    >
                      <img
                        alt=""
                        class="icon mt-2"
                        data-nimg="1"
                        decoding="async"
                        height="40"
                        loading="lazy"
                        src="/_next/image?url=%2Fimg.jpg&w=96&q=75"
                        srcset="/_next/image?url=%2Fimg.jpg&w=48&q=75 1x, /_next/image?url=%2Fimg.jpg&w=96&q=75 2x"
                        style="color: transparent;"
                        width="40"
                      />
                    </div>
                  </a>
                  <span
                    style="display: block; width: 1px; min-width: 1px; height: 16px; min-height: 16px;"
                  />
                  <div
                    class=""
                    style="width: 100%; height: 1px; background-color: rgb(204, 204, 204);"
                  />
                </div>
                <span
                  style="display: block; width: 1px; min-width: 1px; height: 32px; min-height: 32px;"
                />
                <a
                  aria-label="View Benefits & Coverage"
                  style="display: block;"
                >
                  <button
                    class="flex flex-row link-container undefined"
                    style="max-width: max-content; height: auto; display: block;"
                    tabindex="-1"
                    type="button"
                  >
                    <p
                      class="link undefined"
                    >
                      View Benefits & Coverage
                    </p>
                  </button>
                </a>
              </div>
            </div>
          </div>
          <div
            class="flex flex-col page-section-36_67 items-stretch"
          >
            <div
              class="card-main large-section"
            >
              <section
                class="gap-8"
              >
                <div
                  class="flex flex-row align-top items-center"
                >
                  <img
                    alt=""
                    class="w-[50px] h-[50px]"
                    data-nimg="1"
                    decoding="async"
                    height="40"
                    loading="lazy"
                    src="/_next/image?url=%2Fimg.jpg&w=96&q=75"
                    srcset="/_next/image?url=%2Fimg.jpg&w=48&q=75 1x, /_next/image?url=%2Fimg.jpg&w=96&q=75 2x"
                    style="color: transparent;"
                    width="40"
                  />
                  <span
                    style="display: block; width: 16px; min-width: 16px; height: 1px; min-height: 1px;"
                  />
                  <h3
                    class="title-3 !font-bold"
                  >
                    Looking for Care? Find A:
                  </h3>
                </div>
                <span
                  style="display: block; width: 1px; min-width: 1px; height: 16px; min-height: 16px;"
                />
                <div
                  class="flex flex-row flex-wrap gap-x-2 gap-y-4"
                />
              </section>
            </div>
            <div
              class="card-main large-section"
            >
              <section
                class="gap-8"
              >
                <div
                  class="flex flex-row align-top items-center"
                >
                  <img
                    alt=""
                    class="w-[50px] h-[50px]"
                    data-nimg="1"
                    decoding="async"
                    height="40"
                    loading="lazy"
                    src="/_next/image?url=%2Fimg.jpg&w=96&q=75"
                    srcset="/_next/image?url=%2Fimg.jpg&w=48&q=75 1x, /_next/image?url=%2Fimg.jpg&w=96&q=75 2x"
                    style="color: transparent;"
                    width="40"
                  />
                  <span
                    style="display: block; width: 16px; min-width: 16px; height: 1px; min-height: 1px;"
                  />
                  <h3
                    class="title-3 !font-bold"
                  >
                    Planning for a procedure? You can estimate costs for:
                  </h3>
                </div>
                <span
                  style="display: block; width: 1px; min-width: 1px; height: 16px; min-height: 16px;"
                />
                <div
                  class="flex flex-row flex-wrap gap-x-2 gap-y-4"
                />
              </section>
            </div>
          </div>
        </section>
        <section />
        <section />
        <span
          style="display: block; width: 1px; min-width: 1px; height: 32px; min-height: 32px;"
        />
      </div>
    </div>
  </div>
</div>
`;
