// Jest Snapshot v1, https://goo.gl/fbAQLP

exports[`Medical Balances Error Handling with Dental working should call Balances api and render error for Medical Balance, success for Dental 1`] = `
<div>
  <main
    class="flex flex-col justify-center items-center page"
  >
    <span
      style="display: block; width: 1px; min-width: 1px; height: 32px; min-height: 32px;"
    />
    <div
      class="flex flex-col app-content app-base-font-color"
    >
      <h1
        class="title-1 my-4 mb-0"
      >
        Balances
      </h1>
      <p
        class="body-1 body-1 my-4 mb-0 w-2/3"
      >
        Your balances show how close you are to meeting your annual plan deductibles and out-of-pocket limits.
      </p>
      <span
        style="display: block; width: 1px; min-width: 1px; height: 9px; min-height: 9px;"
      />
      <section
        class="flex flex-row items-start app-body"
      >
        <div
          class="flex flex-col flex-grow page-section-63_33 items-stretch"
        >
          <div
            class="card-main large-section"
          >
            <div
              class="flex flex-col"
            >
              <h2
                class="title-2"
              >
                Medical & Pharmacy Balance
              </h2>
              <span
                style="display: block; width: 1px; min-width: 1px; height: 32px; min-height: 32px;"
              />
              <div
                class="card-main neutral container undefined"
              >
                <div
                  class="flex flex-row flex flex-row align-top m-4"
                >
                  <img
                    alt="alert"
                    class="icon"
                    data-nimg="1"
                    decoding="async"
                    height="40"
                    loading="lazy"
                    src="/_next/image?url=%2Fimg.jpg&w=96&q=75"
                    srcset="/_next/image?url=%2Fimg.jpg&w=48&q=75 1x, /_next/image?url=%2Fimg.jpg&w=96&q=75 2x"
                    style="color: transparent;"
                    width="40"
                  />
                  <span
                    style="display: block; width: 8px; min-width: 8px; height: 1px; min-height: 1px;"
                  />
                  <div
                    class="flex flex-row flex flex-col flex-grow"
                  >
                    <p
                      class="body-1"
                    >
                      There was a problem loading your information. Please try refreshing the page or returning to this page later.
                    </p>
                  </div>
                </div>
              </div>
            </div>
          </div>
          <div
            class="card-main large-section"
          >
            <div
              class="flex flex-col"
            >
              <h2
                class="title-2"
              >
                Dental Balance
              </h2>
              <span
                style="display: block; width: 1px; min-width: 1px; height: 32px; min-height: 32px;"
              />
              <div
                class="flex flex-row flex flex-row"
              >
                <p>
                  Member :
                </p>
                <span
                  style="display: block; width: 8px; min-width: 8px; height: 1px; min-height: 1px;"
                />
                <div
                  class="relative"
                >
                  <div
                    class="flex flex-row link"
                  >
                    <p
                      class="body-bold"
                    >
                      ChrisBalance HALL
                    </p>
                    <span
                      style="display: block; width: 8px; min-width: 8px; height: 1px; min-height: 1px;"
                    />
                    <img
                      alt="down icon"
                      data-nimg="1"
                      decoding="async"
                      height="40"
                      loading="lazy"
                      src="/_next/image?url=%2Fimg.jpg&w=96&q=75"
                      srcset="/_next/image?url=%2Fimg.jpg&w=48&q=75 1x, /_next/image?url=%2Fimg.jpg&w=96&q=75 2x"
                      style="color: transparent;"
                      width="40"
                    />
                  </div>
                  <section
                    class="card-elevated z-20 dropdown-section"
                    style="display: none; position: absolute;"
                  >
                    <div
                      class="flex flex-row dropdown-item-selected dropdown-item p-2 cursor-pointer"
                    >
                      <div
                        class="size-5 mx-2 "
                      >
                        <img
                          alt="selcted"
                          class="size-5"
                          data-nimg="1"
                          decoding="async"
                          height="40"
                          loading="lazy"
                          src="/_next/image?url=%2Fimg.jpg&w=96&q=75"
                          srcset="/_next/image?url=%2Fimg.jpg&w=48&q=75 1x, /_next/image?url=%2Fimg.jpg&w=96&q=75 2x"
                          style="color: transparent;"
                          width="40"
                        />
                      </div>
                      <div>
                        <p
                          class="whitespace-nowrap mx-2"
                        >
                          ChrisBalance HALL
                        </p>
                      </div>
                    </div>
                    <div
                      class="flex flex-row  dropdown-item p-2 cursor-pointer"
                    >
                      <div
                        class="size-5 mx-2"
                      />
                      <div>
                        <p
                          class="whitespace-nowrap mx-2"
                        >
                          CHRISTMAS HALL
                        </p>
                      </div>
                    </div>
                  </section>
                </div>
              </div>
              <span
                style="display: block; width: 1px; min-width: 1px; height: 32px; min-height: 32px;"
              />
              <div
                class="flex flex-col"
              >
                <p
                  class=" app-underline body-1"
                >
                  Deductible
                </p>
                <span
                  style="display: block; width: 1px; min-width: 1px; height: 16px; min-height: 16px;"
                />
                <div
                  class="card-main undefined"
                  style="background-color: rgba(0, 0, 0, 0.05);"
                >
                  <div
                    class="flex flex-col m-4"
                  >
                    <div
                      class="flex flex-row"
                    >
                      <p
                        class="body-1 body-1"
                      >
                        You do not have any Deductible amounts.
                      </p>
                    </div>
                  </div>
                </div>
              </div>
              <span
                style="display: block; width: 1px; min-width: 1px; height: 32px; min-height: 32px;"
              />
              <div
                class="flex flex-col"
              >
                <p
                  class=" app-underline body-1"
                >
                  Out-of-Pocket
                </p>
                <span
                  style="display: block; width: 1px; min-width: 1px; height: 16px; min-height: 16px;"
                />
                <div
                  class="card-main undefined"
                  style="background-color: rgba(0, 0, 0, 0.05);"
                >
                  <div
                    class="flex flex-col m-4"
                  >
                    <div
                      class="flex flex-row"
                    >
                      <p
                        class="body-1 body-1"
                      >
                        You do not have any Out-of-Pocket amounts.
                      </p>
                    </div>
                  </div>
                </div>
              </div>
              <span
                style="display: block; width: 1px; min-width: 1px; height: 32px; min-height: 32px;"
              />
              <div
                class="flex flex-col"
              >
                <p
                  class="underline decoration-dashed underline-offset-4 app-underline body-1"
                >
                  Services Used
                </p>
                <span
                  style="display: block; width: 1px; min-width: 1px; height: 16px; min-height: 16px;"
                />
                <div>
                  <div
                    class="flex flex-row"
                  >
                    <div
                      class="flex flex-col"
                    >
                      <p
                        class="body-1 font-bold"
                      >
                        $0.00
                      </p>
                      <p
                        class="body-2"
                      >
                        Used
                      </p>
                    </div>
                    <p
                      class="body-1 ml-5"
                    >
                      $3000 Annual Maximum Basic and Major
                    </p>
                  </div>
                  <span
                    style="display: block; width: 1px; min-width: 1px; height: 16px; min-height: 16px;"
                  />
                  <div
                    class=""
                    style="width: 100%; height: 1px; background-color: rgb(204, 204, 204);"
                  />
                  <span
                    style="display: block; width: 1px; min-width: 1px; height: 16px; min-height: 16px;"
                  />
                </div>
                <div>
                  <div
                    class="flex flex-row"
                  >
                    <div
                      class="flex flex-col"
                    >
                      <p
                        class="body-1 font-bold"
                      >
                        $0.00
                      </p>
                      <p
                        class="body-2"
                      >
                        Used
                      </p>
                    </div>
                    <p
                      class="body-1 ml-5"
                    >
                      $3000 Ortho Lifetime Maximum
                    </p>
                  </div>
                  <span
                    style="display: block; width: 1px; min-width: 1px; height: 16px; min-height: 16px;"
                  />
                  <div
                    class=""
                    style="width: 100%; height: 1px; background-color: rgb(204, 204, 204);"
                  />
                  <span
                    style="display: block; width: 1px; min-width: 1px; height: 16px; min-height: 16px;"
                  />
                </div>
                <span
                  style="display: block; width: 1px; min-width: 1px; height: 8px; min-height: 8px;"
                />
                <div
                  class="flex flex-col"
                >
                  <span
                    class="rich-text body-2 undefined"
                  >
                    <span>
                      Services Used is based on your processed items. There may be a delay in the Services Used list updating. If you're unsure if a service has been used,
                       
                    </span>
                    <span
                      class="link"
                    >
                      <a>
                         start a chat 
                      </a>
                    </span>
                    <span>
                       or call us at [1-800-000-0000].
                    </span>
                  </span>
                </div>
              </div>
            </div>
          </div>
        </div>
        <div
          class="flex flex-col  flex-grow page-section-36_67 items-stretch"
        >
          <div
            class="card-main large-section"
          >
            <div>
              <h2
                class="title-2"
              >
                Spending Summary
              </h2>
              <span
                style="display: block; width: 1px; min-width: 1px; height: 18px; min-height: 18px;"
              />
              <div
                class="flex flex-row"
              >
                <p
                  class="body-1"
                >
                  As of
                </p>
                <span
                  style="display: block; width: 8px; min-width: 8px; height: 1px; min-height: 1px;"
                />
                <p>
                  October 12, 2023
                </p>
              </div>
              <span
                style="display: block; width: 1px; min-width: 1px; height: 18px; min-height: 18px;"
              />
              <div
                class="flex flex-col"
              >
                <div
                  class="flex flex-col doughnut-img mx-auto"
                >
                  <canvas
                    class="spendingSummaryChart"
                    height="150"
                    role="img"
                    width="300"
                  />
                  <div
                    class="doughnut-middle-text"
                  >
                    <div
                      class="flex flex-col justify-between pl-3 chartText "
                    >
                      <p>
                        Your plan paid
                      </p>
                      <p
                        class="title-2-bold"
                      >
                        89
                        %
                      </p>
                      <p>
                        of your costs
                      </p>
                    </div>
                    <span
                      style="display: block; width: 1px; min-width: 1px; height: 8px; min-height: 8px;"
                    />
                    <div
                      class="chartTextDivider"
                    >
                      <div
                        class=""
                        style="width: 100%; height: 1px; background-color: rgb(204, 204, 204);"
                      />
                    </div>
                    <span
                      style="display: block; width: 1px; min-width: 1px; height: 8px; min-height: 8px;"
                    />
                    <div
                      class="flex flex-col justify-between pl-3 chartText"
                    >
                      <p>
                        Total Billed
                      </p>
                      <p
                        class="title-2-bold"
                      >
                        $9,804.31
                      </p>
                    </div>
                  </div>
                </div>
                <span
                  style="display: block; width: 1px; min-width: 1px; height: 32px; min-height: 32px;"
                />
              </div>
              <div
                class="sectionAlignment"
              >
                <div
                  class="flex flex-row"
                >
                  <div
                    style="width: 20px; height: 20px; background-color: rgb(0, 94, 185); border-radius: 50px; margin-top: 0px; margin-right: 0px;"
                  />
                  <p
                    class="body-1 ml-2"
                  >
                    You Paid
                  </p>
                  <p
                    class="body-bold ml-auto"
                  >
                    $1,199.19
                  </p>
                </div>
                <span
                  style="display: block; width: 1px; min-width: 1px; height: 18px; min-height: 18px;"
                />
                <div
                  class="flex flex-row"
                >
                  <div
                    style="width: 20px; height: 20px; background-color: rgb(93, 193, 253); border-radius: 50px; margin-top: 0px; margin-right: 0px;"
                  />
                  <p
                    class="body-1 ml-2"
                  >
                    You Saved
                  </p>
                  <p
                    class="body-bold ml-auto"
                  >
                    $8,605.12
                  </p>
                </div>
              </div>
              <span
                style="display: block; width: 1px; min-width: 1px; height: 32px; min-height: 32px;"
              />
              <a
                style="display: block;"
                tabindex="-1"
              >
                <button
                  class="flex flex-row link-container undefined"
                  style="max-width: max-content; height: auto; display: block;"
                  tabindex="0"
                >
                  <p
                    class="link undefined"
                    style="display: block;"
                  >
                    View Spending Summary
                  </p>
                </button>
              </a>
              <div
                class="flex flex-col clear-left"
              />
            </div>
          </div>
          <div
            class="card-main large-section"
          >
            <div>
              <h1
                class="title-1 title-2"
              >
                Spending Accounts
              </h1>
              <span
                style="display: block; width: 1px; min-width: 1px; height: 32px; min-height: 32px;"
              />
              <div
                class="flex flex-row"
              >
                <div
                  class="flex flex-col"
                >
                  <p
                    class="body-1 py-4 px-7 font-bold"
                    style="background-color: rgb(231, 246, 255); border-radius: 7px;"
                  >
                    HSA
                  </p>
                </div>
                <div
                  class="flex flex-col ml-4"
                >
                  <p
                    class="body-2"
                  >
                    Health Saving Account Balance
                  </p>
                  <p
                    class="body-1 font-bold"
                  >
                    $349.90
                  </p>
                </div>
              </div>
              <span
                style="display: block; width: 1px; min-width: 1px; height: 21px; min-height: 21px;"
              />
              <div
                class="flex flex-row"
              >
                <div
                  class="flex flex-col"
                >
                  <p
                    class="body-1 py-4 px-7 font-bold"
                    style="background-color: rgb(231, 246, 255); border-radius: 7px;"
                  >
                    FSA
                  </p>
                </div>
                <div
                  class="flex flex-col ml-4"
                >
                  <p
                    class="body-2"
                  >
                    Flexible Spending Account Balance
                  </p>
                  <p
                    class="body-1 font-bold"
                  >
                    $1,009.50
                  </p>
                </div>
              </div>
              <span
                style="display: block; width: 1px; min-width: 1px; height: 18px; min-height: 18px;"
              />
              <a
                href=""
                style="display: block;"
                tabindex="-1"
              >
                <button
                  class="flex flex-row link-container undefined"
                  style="max-width: max-content; height: auto; display: block;"
                  tabindex="0"
                >
                  <p
                    class="link undefined"
                    style="display: block;"
                  >
                    View Spending Accounts
                  </p>
                </button>
              </a>
            </div>
          </div>
        </div>
      </section>
    </div>
  </main>
</div>
`;
