// Jest Snapshot v1, https://goo.gl/fbAQLP

exports[`Dashboard Page should render Welcome Banner UI correctly 1`] = `undefined`;
