// Jest Snapshot v1, https://goo.gl/fbAQLP

exports[`SiteHeader for Non Member with PR Role should render UI correctly with no nav menu, plan selector and action buttons 1`] = `
<div>
  <nav
    class="primary-color sm:pt-[74px] lg:pt-[74px]"
  >
    <div
      class="h-18 w-full fixed top-0 left-0 right-0 flex justify-between border-b bg-white z-50"
    >
      <div
        class="flex items-center"
      >
        <div
          class="flex lg:hidden h-18 w-18 items-center justify-center border-r"
        >
          <button
            aria-controls="menu-bar"
            aria-expanded="false"
            class="p-0 justify-center"
            data-collapse-toggle="menu-bar"
            type="button"
          >
            <span
              class="sr-only"
            >
              Open main menu
            </span>
            <img
              alt="Menu icon"
              data-nimg="1"
              decoding="async"
              height="32"
              loading="lazy"
              src="/_next/image?url=%2Fimg.jpg&w=64&q=75"
              srcset="/_next/image?url=%2Fimg.jpg&w=32&q=75 1x, /_next/image?url=%2Fimg.jpg&w=64&q=75 2x"
              style="color: transparent;"
              width="32"
            />
          </button>
        </div>
        <a
          class="ml-5 lg:px-0"
          href="/dashboard"
        >
          <img
            alt="BCBST Logo"
            data-nimg="1"
            decoding="async"
            height="35"
            loading="lazy"
            src="/_next/image?url=%2Fimg.jpg&w=384&q=75"
            srcset="/_next/image?url=%2Fimg.jpg&w=256&q=75 1x, /_next/image?url=%2Fimg.jpg&w=384&q=75 2x"
            style="color: transparent;"
            width="174"
          />
        </a>
      </div>
      <div
        class="flex items-center"
      >
        <div
          aria-label="Profile Card"
          class="flex h-full secondary-bg-color2 text-white px-4 py-1 hover:bg-info focus:bg-info focus:mr-1 focus:outline-none focus:ring-2 focus:ring-offset-2 focus:ring-primary focus:h-[90%] "
          tabindex="0"
        >
          <img
            alt="Profile Icon"
            data-nimg="1"
            decoding="async"
            height="40"
            loading="lazy"
            src="/_next/image?url=%2Fimg.jpg&w=96&q=75"
            srcset="/_next/image?url=%2Fimg.jpg&w=48&q=75 1x, /_next/image?url=%2Fimg.jpg&w=96&q=75 2x"
            style="color: transparent;"
            width="40"
          />
          <div
            class="hidden lg:block p-2"
          >
            <span
              class="text-xs"
            >
              My Profile:
            </span>
            <p>
              Alpha Beta
            </p>
          </div>
        </div>
      </div>
    </div>
  </nav>
</div>
`;
