// Jest Snapshot v1, https://goo.gl/fbAQLP

exports[`SpendingAccountSummary should render the UI correctly 1`] = `
<body>
  <div>
    <div
      class="card-main large-section statementSummary"
    >
      <div>
        <h2
          class="title-2"
        >
          Statement Summary up to November 8, 2023
        </h2>
        <span
          style="display: block; width: 1px; min-width: 1px; height: 18px; min-height: 18px;"
        />
        <div
          class="flex flex-row"
        >
          <p
            class="body-1"
          >
            As of
          </p>
          <span
            style="display: block; width: 8px; min-width: 8px; height: 1px; min-height: 1px;"
          />
          <p>
            View Medical, Pharmacy, Dental and Vision for All Members
          </p>
        </div>
        <span
          style="display: block; width: 1px; min-width: 1px; height: 18px; min-height: 18px;"
        />
        <div
          class="flex flex-col chartSection"
        >
          <div
            class="text-center absolute doughnutText pl-3 w-36"
          >
            <div
              class="flex flex-col justify-between pl-3 chartText"
            >
              <p>
                Your plan paid
              </p>
              <p
                class="font-bold"
              >
                89
                %
              </p>
              <p>
                of your costs
              </p>
            </div>
            <span
              style="display: block; width: 1px; min-width: 1px; height: 8px; min-height: 8px;"
            />
            <div
              class="chartTextDivider"
            >
              <div
                aria-label="divider"
                class=""
                style="width: 100%; height: 1px; background-color: rgb(204, 204, 204);"
              />
            </div>
            <span
              style="display: block; width: 1px; min-width: 1px; height: 8px; min-height: 8px;"
            />
            <div
              class="flex flex-col justify-between pl-3 chartText"
            >
              <p>
                Total Billed
              </p>
              <p
                class="font-bold"
              >
                $9,804.31
              </p>
            </div>
          </div>
          <span
            style="display: block; width: 1px; min-width: 1px; height: 8px; min-height: 8px;"
          />
          <canvas
            class="spendingSummaryChart"
            height="150"
            role="img"
            width="300"
          />
          <span
            style="display: block; width: 1px; min-width: 1px; height: 32px; min-height: 32px;"
          />
        </div>
        <div
          class="sectionAlignment"
        >
          <div
            class="flex flex-row"
          >
            <div
              style="width: 20px; height: 20px; background-color: rgb(0, 94, 185); border-radius: 50px; margin-top: 0px; margin-right: 0px;"
            />
            <p
              class="body-1 ml-2"
            >
              You Paid
            </p>
            <p
              class="font-bold ml-auto"
            >
              $1,199.19
            </p>
          </div>
          <span
            style="display: block; width: 1px; min-width: 1px; height: 18px; min-height: 18px;"
          />
          <div
            class="flex flex-row"
          >
            <div
              style="width: 20px; height: 20px; background-color: rgb(93, 193, 253); border-radius: 50px; margin-top: 0px; margin-right: 0px;"
            />
            <p
              class="body-1 ml-2"
            >
              You Saved
            </p>
            <p
              class="font-bold ml-auto"
            >
              $8,605.12
            </p>
          </div>
        </div>
        <span
          style="display: block; width: 1px; min-width: 1px; height: 32px; min-height: 32px;"
        />
        <div
          class="flex flex-col clear-left"
        >
          <div
            class="card-main mb-3"
          >
            <div
              class="flex flex-col items-stretch"
            >
              <div
                class="flex flex-col card-main-elevated p-1 cursor-pointer px-2 py-4"
              >
                <div
                  class="flex flex-row m-1 accordion-head"
                >
                  <div
                    class="mr-1"
                  >
                    <img
                      alt="Medical Icon"
                      class="w-6"
                      data-nimg="1"
                      decoding="async"
                      height="40"
                      loading="lazy"
                      src="/_next/image?url=%2Fimg.jpg&w=96&q=75"
                      srcset="/_next/image?url=%2Fimg.jpg&w=48&q=75 1x, /_next/image?url=%2Fimg.jpg&w=96&q=75 2x"
                      style="color: transparent;"
                      width="40"
                    />
                  </div>
                  <p
                    class="mr-2 flex-grow"
                  >
                    Medical
                  </p>
                  <img
                    alt="Down Chevron"
                    class="pl-2 w-6"
                    data-nimg="1"
                    decoding="async"
                    height="40"
                    loading="lazy"
                    src="/_next/image?url=%2Fimg.jpg&w=96&q=75"
                    srcset="/_next/image?url=%2Fimg.jpg&w=48&q=75 1x, /_next/image?url=%2Fimg.jpg&w=96&q=75 2x"
                    style="color: transparent;"
                    width="40"
                  />
                </div>
                <div
                  class="mr-2 flex-grow"
                >
                  <div
                    class="flex flex-row m-1 justify-between"
                  >
                    <p
                      class="body-1 font-bold"
                    >
                      Your share
                    </p>
                    <p
                      class="body-1 font-bold"
                    >
                      $30.24
                    </p>
                  </div>
                </div>
              </div>
            </div>
          </div>
          <div
            class="card-main mb-3"
          >
            <div
              class="flex flex-col items-stretch"
            >
              <div
                class="flex flex-col card-main-elevated p-1 cursor-pointer px-2 py-4"
              >
                <div
                  class="flex flex-row m-1 accordion-head"
                >
                  <div
                    class="mr-1"
                  >
                    <img
                      alt="Pharmacy Icon"
                      class="w-6"
                      data-nimg="1"
                      decoding="async"
                      height="40"
                      loading="lazy"
                      src="/_next/image?url=%2Fimg.jpg&w=96&q=75"
                      srcset="/_next/image?url=%2Fimg.jpg&w=48&q=75 1x, /_next/image?url=%2Fimg.jpg&w=96&q=75 2x"
                      style="color: transparent;"
                      width="40"
                    />
                  </div>
                  <p
                    class="mr-2 flex-grow"
                  >
                    Pharmacy
                  </p>
                  <img
                    alt="Down Chevron"
                    class="pl-2 w-6"
                    data-nimg="1"
                    decoding="async"
                    height="40"
                    loading="lazy"
                    src="/_next/image?url=%2Fimg.jpg&w=96&q=75"
                    srcset="/_next/image?url=%2Fimg.jpg&w=48&q=75 1x, /_next/image?url=%2Fimg.jpg&w=96&q=75 2x"
                    style="color: transparent;"
                    width="40"
                  />
                </div>
                <div
                  class="mr-2 flex-grow"
                >
                  <div
                    class="flex flex-row m-1 justify-between"
                  >
                    <p
                      class="body-1 font-bold"
                    >
                      Your share
                    </p>
                    <p
                      class="body-1 font-bold"
                    >
                      $30.24
                    </p>
                  </div>
                </div>
              </div>
            </div>
          </div>
          <div
            class="card-main mb-3"
          >
            <div
              class="flex flex-col items-stretch"
            >
              <div
                class="flex flex-col card-main-elevated p-1 cursor-pointer px-2 py-4"
              >
                <div
                  class="flex flex-row m-1 accordion-head"
                >
                  <div
                    class="mr-1"
                  >
                    <img
                      alt="Dental Icon"
                      class="w-6"
                      data-nimg="1"
                      decoding="async"
                      height="40"
                      loading="lazy"
                      src="/_next/image?url=%2Fimg.jpg&w=96&q=75"
                      srcset="/_next/image?url=%2Fimg.jpg&w=48&q=75 1x, /_next/image?url=%2Fimg.jpg&w=96&q=75 2x"
                      style="color: transparent;"
                      width="40"
                    />
                  </div>
                  <p
                    class="mr-2 flex-grow"
                  >
                    Dental
                  </p>
                  <img
                    alt="Down Chevron"
                    class="pl-2 w-6"
                    data-nimg="1"
                    decoding="async"
                    height="40"
                    loading="lazy"
                    src="/_next/image?url=%2Fimg.jpg&w=96&q=75"
                    srcset="/_next/image?url=%2Fimg.jpg&w=48&q=75 1x, /_next/image?url=%2Fimg.jpg&w=96&q=75 2x"
                    style="color: transparent;"
                    width="40"
                  />
                </div>
                <div
                  class="mr-2 flex-grow"
                >
                  <div
                    class="flex flex-row m-1 justify-between"
                  >
                    <p
                      class="body-1 font-bold"
                    >
                      Your share
                    </p>
                    <p
                      class="body-1 font-bold"
                    >
                      $30.24
                    </p>
                  </div>
                </div>
              </div>
            </div>
          </div>
          <div
            class="card-main mb-3"
          >
            <div
              class="flex flex-col items-stretch"
            >
              <div
                class="flex flex-col card-main-elevated p-1 cursor-pointer px-2 py-4"
              >
                <div
                  class="flex flex-row m-1 accordion-head"
                >
                  <div
                    class="mr-1"
                  >
                    <img
                      alt="Vision Icon"
                      class="w-6"
                      data-nimg="1"
                      decoding="async"
                      height="40"
                      loading="lazy"
                      src="/_next/image?url=%2Fimg.jpg&w=96&q=75"
                      srcset="/_next/image?url=%2Fimg.jpg&w=48&q=75 1x, /_next/image?url=%2Fimg.jpg&w=96&q=75 2x"
                      style="color: transparent;"
                      width="40"
                    />
                  </div>
                  <p
                    class="mr-2 flex-grow"
                  >
                    Vision
                  </p>
                  <img
                    alt="Down Chevron"
                    class="pl-2 w-6"
                    data-nimg="1"
                    decoding="async"
                    height="40"
                    loading="lazy"
                    src="/_next/image?url=%2Fimg.jpg&w=96&q=75"
                    srcset="/_next/image?url=%2Fimg.jpg&w=48&q=75 1x, /_next/image?url=%2Fimg.jpg&w=96&q=75 2x"
                    style="color: transparent;"
                    width="40"
                  />
                </div>
                <div
                  class="mr-2 flex-grow"
                >
                  <div
                    class="flex flex-row m-1 justify-between"
                  >
                    <p
                      class="body-1 font-bold"
                    >
                      Your share
                    </p>
                    <p
                      class="body-1 font-bold"
                    >
                      $30.24
                    </p>
                  </div>
                </div>
              </div>
            </div>
          </div>
        </div>
      </div>
    </div>
  </div>
</body>
`;
