// Jest Snapshot v1, https://goo.gl/fbAQLP

exports[`Communication accessOtherInformation should render accessOtherInformation if user role is not PERSONAL_REP 1`] = `
{
  "asFragment": [Function],
  "baseElement": <body>
    <div>
      <main
        class="flex flex-col justify-center items-center page"
      >
        <div
          class="flex flex-col app-content app-base-font-color"
        >
          <span
            style="display: block; width: 1px; min-width: 1px; height: 32px; min-height: 32px;"
          />
          <h1
            class="title-1"
          >
            Access Others' Information
          </h1>
          <span
            style="display: block; width: 1px; min-width: 1px; height: 32px; min-height: 32px;"
          />
          <section
            class="flex flex-row items-start app-body"
          >
            <div
              class="flex flex-col flex-grow page-section-36_67 items-stretch"
            >
              <div
                class="card-main  large-section"
              >
                <div
                  class="flex flex-col items-stretch"
                >
                  <div>
                    <h1
                      class="title-1 title-2"
                    >
                      Understanding Access On My Plan
                    </h1>
                    <span
                      style="display: block; width: 1px; min-width: 1px; height: 22px; min-height: 22px;"
                    />
                  </div>
                  <div
                    class="flex flex-col card-main-elevated p-1 cursor-pointer px-2 py-4 "
                  >
                    <div
                      class="flex flex-row m-1 accordion-head"
                    >
                      <p
                        class="mr-2 flex-grow"
                      >
                        Access Granted
                      </p>
                      <img
                        alt="Down Chevron"
                        class="pl-2 w-6"
                        data-nimg="1"
                        decoding="async"
                        height="40"
                        loading="lazy"
                        src="/_next/image?url=%2Fimg.jpg&w=96&q=75"
                        srcset="/_next/image?url=%2Fimg.jpg&w=48&q=75 1x, /_next/image?url=%2Fimg.jpg&w=96&q=75 2x"
                        style="color: transparent;"
                        width="40"
                      />
                    </div>
                    <div
                      class="mr-2 flex-grow"
                    />
                  </div>
                  <div
                    class=""
                    style="width: 100%; height: 1px; background-color: rgb(204, 204, 204);"
                  />
                  <div
                    class="flex flex-col card-main-elevated p-1 cursor-pointer px-2 py-4 "
                  >
                    <div
                      class="flex flex-row m-1 accordion-head"
                    >
                      <p
                        class="mr-2 flex-grow"
                      >
                        Request Access
                      </p>
                      <img
                        alt="Down Chevron"
                        class="pl-2 w-6"
                        data-nimg="1"
                        decoding="async"
                        height="40"
                        loading="lazy"
                        src="/_next/image?url=%2Fimg.jpg&w=96&q=75"
                        srcset="/_next/image?url=%2Fimg.jpg&w=48&q=75 1x, /_next/image?url=%2Fimg.jpg&w=96&q=75 2x"
                        style="color: transparent;"
                        width="40"
                      />
                    </div>
                    <div
                      class="mr-2 flex-grow"
                    />
                  </div>
                  <div
                    class=""
                    style="width: 100%; height: 1px; background-color: rgb(204, 204, 204);"
                  />
                  <div
                    class="flex flex-col card-main-elevated p-1 cursor-pointer px-2 py-4 "
                  >
                    <div
                      class="flex flex-row m-1 accordion-head"
                    >
                      <p
                        class="mr-2 flex-grow"
                      >
                        Special Permissions
                      </p>
                      <img
                        alt="Down Chevron"
                        class="pl-2 w-6"
                        data-nimg="1"
                        decoding="async"
                        height="40"
                        loading="lazy"
                        src="/_next/image?url=%2Fimg.jpg&w=96&q=75"
                        srcset="/_next/image?url=%2Fimg.jpg&w=48&q=75 1x, /_next/image?url=%2Fimg.jpg&w=96&q=75 2x"
                        style="color: transparent;"
                        width="40"
                      />
                    </div>
                    <div
                      class="mr-2 flex-grow"
                    />
                  </div>
                </div>
              </div>
            </div>
            <div
              class="flex flex-col page-section-63_33 items-stretch"
            >
              <div
                class="card-main large-section"
              >
                <div
                  class="flex flex-col flex flex-col"
                >
                  <div
                    class="flex flex-col"
                  >
                    <h2
                      class="title-2"
                    >
                      On My Plan
                    </h2>
                  </div>
                  <div>
                     
                    <span
                      style="display: block; width: 1px; min-width: 1px; height: 16px; min-height: 16px;"
                    />
                    <div
                      class="flex flex-col"
                    >
                      <p
                        class="body-1"
                        style="display: block;"
                      >
                        Below is the access you've been granted by other members on your plan.
                      </p>
                    </div>
                    <span
                      style="display: block; width: 1px; min-width: 1px; height: 32px; min-height: 32px;"
                    />
                  </div>
                  <div
                    class="flex flex-col flex flex-col"
                  />
                </div>
              </div>
            </div>
          </section>
        </div>
      </main>
    </div>
  </body>,
  "container": <div>
    <main
      class="flex flex-col justify-center items-center page"
    >
      <div
        class="flex flex-col app-content app-base-font-color"
      >
        <span
          style="display: block; width: 1px; min-width: 1px; height: 32px; min-height: 32px;"
        />
        <h1
          class="title-1"
        >
          Access Others' Information
        </h1>
        <span
          style="display: block; width: 1px; min-width: 1px; height: 32px; min-height: 32px;"
        />
        <section
          class="flex flex-row items-start app-body"
        >
          <div
            class="flex flex-col flex-grow page-section-36_67 items-stretch"
          >
            <div
              class="card-main  large-section"
            >
              <div
                class="flex flex-col items-stretch"
              >
                <div>
                  <h1
                    class="title-1 title-2"
                  >
                    Understanding Access On My Plan
                  </h1>
                  <span
                    style="display: block; width: 1px; min-width: 1px; height: 22px; min-height: 22px;"
                  />
                </div>
                <div
                  class="flex flex-col card-main-elevated p-1 cursor-pointer px-2 py-4 "
                >
                  <div
                    class="flex flex-row m-1 accordion-head"
                  >
                    <p
                      class="mr-2 flex-grow"
                    >
                      Access Granted
                    </p>
                    <img
                      alt="Down Chevron"
                      class="pl-2 w-6"
                      data-nimg="1"
                      decoding="async"
                      height="40"
                      loading="lazy"
                      src="/_next/image?url=%2Fimg.jpg&w=96&q=75"
                      srcset="/_next/image?url=%2Fimg.jpg&w=48&q=75 1x, /_next/image?url=%2Fimg.jpg&w=96&q=75 2x"
                      style="color: transparent;"
                      width="40"
                    />
                  </div>
                  <div
                    class="mr-2 flex-grow"
                  />
                </div>
                <div
                  class=""
                  style="width: 100%; height: 1px; background-color: rgb(204, 204, 204);"
                />
                <div
                  class="flex flex-col card-main-elevated p-1 cursor-pointer px-2 py-4 "
                >
                  <div
                    class="flex flex-row m-1 accordion-head"
                  >
                    <p
                      class="mr-2 flex-grow"
                    >
                      Request Access
                    </p>
                    <img
                      alt="Down Chevron"
                      class="pl-2 w-6"
                      data-nimg="1"
                      decoding="async"
                      height="40"
                      loading="lazy"
                      src="/_next/image?url=%2Fimg.jpg&w=96&q=75"
                      srcset="/_next/image?url=%2Fimg.jpg&w=48&q=75 1x, /_next/image?url=%2Fimg.jpg&w=96&q=75 2x"
                      style="color: transparent;"
                      width="40"
                    />
                  </div>
                  <div
                    class="mr-2 flex-grow"
                  />
                </div>
                <div
                  class=""
                  style="width: 100%; height: 1px; background-color: rgb(204, 204, 204);"
                />
                <div
                  class="flex flex-col card-main-elevated p-1 cursor-pointer px-2 py-4 "
                >
                  <div
                    class="flex flex-row m-1 accordion-head"
                  >
                    <p
                      class="mr-2 flex-grow"
                    >
                      Special Permissions
                    </p>
                    <img
                      alt="Down Chevron"
                      class="pl-2 w-6"
                      data-nimg="1"
                      decoding="async"
                      height="40"
                      loading="lazy"
                      src="/_next/image?url=%2Fimg.jpg&w=96&q=75"
                      srcset="/_next/image?url=%2Fimg.jpg&w=48&q=75 1x, /_next/image?url=%2Fimg.jpg&w=96&q=75 2x"
                      style="color: transparent;"
                      width="40"
                    />
                  </div>
                  <div
                    class="mr-2 flex-grow"
                  />
                </div>
              </div>
            </div>
          </div>
          <div
            class="flex flex-col page-section-63_33 items-stretch"
          >
            <div
              class="card-main large-section"
            >
              <div
                class="flex flex-col flex flex-col"
              >
                <div
                  class="flex flex-col"
                >
                  <h2
                    class="title-2"
                  >
                    On My Plan
                  </h2>
                </div>
                <div>
                   
                  <span
                    style="display: block; width: 1px; min-width: 1px; height: 16px; min-height: 16px;"
                  />
                  <div
                    class="flex flex-col"
                  >
                    <p
                      class="body-1"
                      style="display: block;"
                    >
                      Below is the access you've been granted by other members on your plan.
                    </p>
                  </div>
                  <span
                    style="display: block; width: 1px; min-width: 1px; height: 32px; min-height: 32px;"
                  />
                </div>
                <div
                  class="flex flex-col flex flex-col"
                />
              </div>
            </div>
          </div>
        </section>
      </div>
    </main>
  </div>,
  "debug": [Function],
  "findAllByAltText": [Function],
  "findAllByDisplayValue": [Function],
  "findAllByLabelText": [Function],
  "findAllByPlaceholderText": [Function],
  "findAllByRole": [Function],
  "findAllByTestId": [Function],
  "findAllByText": [Function],
  "findAllByTitle": [Function],
  "findByAltText": [Function],
  "findByDisplayValue": [Function],
  "findByLabelText": [Function],
  "findByPlaceholderText": [Function],
  "findByRole": [Function],
  "findByTestId": [Function],
  "findByText": [Function],
  "findByTitle": [Function],
  "getAllByAltText": [Function],
  "getAllByDisplayValue": [Function],
  "getAllByLabelText": [Function],
  "getAllByPlaceholderText": [Function],
  "getAllByRole": [Function],
  "getAllByTestId": [Function],
  "getAllByText": [Function],
  "getAllByTitle": [Function],
  "getByAltText": [Function],
  "getByDisplayValue": [Function],
  "getByLabelText": [Function],
  "getByPlaceholderText": [Function],
  "getByRole": [Function],
  "getByTestId": [Function],
  "getByText": [Function],
  "getByTitle": [Function],
  "queryAllByAltText": [Function],
  "queryAllByDisplayValue": [Function],
  "queryAllByLabelText": [Function],
  "queryAllByPlaceholderText": [Function],
  "queryAllByRole": [Function],
  "queryAllByTestId": [Function],
  "queryAllByText": [Function],
  "queryAllByTitle": [Function],
  "queryByAltText": [Function],
  "queryByDisplayValue": [Function],
  "queryByLabelText": [Function],
  "queryByPlaceholderText": [Function],
  "queryByRole": [Function],
  "queryByTestId": [Function],
  "queryByText": [Function],
  "queryByTitle": [Function],
  "rerender": [Function],
  "unmount": [Function],
}
`;
