// Jest Snapshot v1, https://goo.gl/fbAQLP

exports[`SiteHeader for Plan Selection Wall for Member with Termed Plan should render UI correctly with Plan Selector Dropdown empty 1`] = `
<div>
  <nav
    class="primary-color sm:pt-[74px] lg:pt-[74px]"
  >
    <div
      class="h-18 w-full fixed top-0 left-0 right-0 flex justify-between border-b bg-white z-50"
    >
      <div
        class="flex items-center"
      >
        <div
          class="flex lg:hidden h-18 w-18 items-center justify-center border-r"
        >
          <button
            aria-controls="menu-bar"
            aria-expanded="false"
            class="p-0 justify-center"
            data-collapse-toggle="menu-bar"
            type="button"
          >
            <span
              class="sr-only"
            >
              Open main menu
            </span>
            <img
              alt="Menu icon"
              data-nimg="1"
              decoding="async"
              height="32"
              loading="lazy"
              src="/_next/image?url=%2Fimg.jpg&w=64&q=75"
              srcset="/_next/image?url=%2Fimg.jpg&w=32&q=75 1x, /_next/image?url=%2Fimg.jpg&w=64&q=75 2x"
              style="color: transparent;"
              width="32"
            />
          </button>
        </div>
        <a
          class="ml-5 lg:px-0"
          href="/dashboard"
        >
          <img
            alt="BCBST Logo"
            data-nimg="1"
            decoding="async"
            height="35"
            loading="lazy"
            src="/_next/image?url=%2Fimg.jpg&w=384&q=75"
            srcset="/_next/image?url=%2Fimg.jpg&w=256&q=75 1x, /_next/image?url=%2Fimg.jpg&w=384&q=75 2x"
            style="color: transparent;"
            width="174"
          />
        </a>
        <div
          class="mx-4 w-[268px] hidden md:block"
        >
          <div
            class="rich-dropdown"
          >
            <div
              class="flex flex-col switch-filter default"
              tabindex="1"
            >
              <div>
                <div
                  class="flex flex-row px-4 py-2 items-center justify-between"
                >
                  <div
                    class="flex flex-col max-w-[90%]"
                  >
                    <p
                      class="body-2 app-base-font-color"
                      style="display: block;"
                    >
                      View Plan:
                    </p>
                    <p
                      class="body-1 font-bold text-ellipsis overflow-hidden whitespace-nowrap"
                      style="display: block;"
                    >
                      ...
                    </p>
                  </div>
                  <img
                    alt="switch"
                    class="size-5 head-icon m-[4px]"
                    data-nimg="1"
                    decoding="async"
                    height="40"
                    loading="lazy"
                    src="/_next/image?url=%2Fimg.jpg&w=96&q=75"
                    srcset="/_next/image?url=%2Fimg.jpg&w=48&q=75 1x, /_next/image?url=%2Fimg.jpg&w=96&q=75 2x"
                    style="color: transparent;"
                    width="40"
                  />
                </div>
              </div>
            </div>
            <div
              class="card-elevated switch-filter absolute-dropdown min-w-[100%]  default"
            >
              <div>
                <div>
                  <div
                    class="flex flex-row px-4 py-2 items-center divider-bottom"
                  >
                    <h3
                      class="title-3 grow font-bold app-base-font-color"
                    >
                      Select plan view...
                    </h3>
                    <img
                      alt="switch"
                      class="size-5"
                      data-nimg="1"
                      decoding="async"
                      height="40"
                      loading="lazy"
                      src="/_next/image?url=%2Fimg.jpg&w=96&q=75"
                      srcset="/_next/image?url=%2Fimg.jpg&w=48&q=75 1x, /_next/image?url=%2Fimg.jpg&w=96&q=75 2x"
                      style="color: transparent;"
                      width="40"
                    />
                  </div>
                </div>
                <ul
                  class="max-h-[420px] min-w-[100%] overflow-auto"
                >
                  <li
                    class=""
                  >
                    <div
                      class="flex flex-row p-4   item"
                      tabindex="1"
                    >
                      <div
                        class=""
                      />
                      <div
                        class="card-elevated px-4 pt-4   app-base-font-color min-w-[100%]"
                      >
                        <div
                          class="flex flex-col"
                        >
                          <div
                            class="flex flex-row justify-between"
                          >
                            <p
                              class="body-1 font-bold primary-color"
                              style="display: block;"
                            >
                              Radio Systems Corporation
                            </p>
                            <img
                              alt="selected"
                              class="size-5 m-[2px]"
                              data-nimg="1"
                              decoding="async"
                              height="40"
                              loading="lazy"
                              src="/_next/image?url=%2Fimg.jpg&w=96&q=75"
                              srcset="/_next/image?url=%2Fimg.jpg&w=48&q=75 1x, /_next/image?url=%2Fimg.jpg&w=96&q=75 2x"
                              style="color: transparent;"
                              width="40"
                            />
                          </div>
                          <div
                            class="flex flex-col"
                          >
                            <p
                              class="body-1"
                              style="display: block;"
                            >
                              Subscriber: Rebekah Wilson
                            </p>
                            <p
                              class="body-1"
                              style="display: block;"
                            >
                              ID: 90447969100
                            </p>
                            <p
                              class="body-1"
                              style="display: block;"
                            >
                              Policies: Medical, Pharmacy, Wellness
                            </p>
                          </div>
                        </div>
                      </div>
                    </div>
                  </li>
                  <li
                    class=""
                  >
                    <div
                      class="flex flex-row p-4   item"
                      tabindex="1"
                    >
                      <div
                        class=""
                      />
                      <div
                        class="card-elevated px-4 pt-4   app-base-font-color min-w-[100%]"
                      >
                        <div
                          class="flex flex-col"
                        >
                          <div
                            class="flex flex-row justify-between"
                          >
                            <p
                              class="body-1 font-bold primary-color"
                              style="display: block;"
                            >
                              Ruby Tuesday Operations LLC
                            </p>
                            <img
                              alt="selected"
                              class="size-5 m-[2px]"
                              data-nimg="1"
                              decoding="async"
                              height="40"
                              loading="lazy"
                              src="/_next/image?url=%2Fimg.jpg&w=96&q=75"
                              srcset="/_next/image?url=%2Fimg.jpg&w=48&q=75 1x, /_next/image?url=%2Fimg.jpg&w=96&q=75 2x"
                              style="color: transparent;"
                              width="40"
                            />
                          </div>
                          <div
                            class="flex flex-col"
                          >
                            <p
                              class="body-1"
                              style="display: block;"
                            >
                              Subscriber: Johnathan Anderl
                            </p>
                            <p
                              class="body-1"
                              style="display: block;"
                            >
                              ID: 90865577900
                            </p>
                            <p
                              class="body-1"
                              style="display: block;"
                            >
                              Policies: Dental, Pharmacy, Wellness, Medical, Vision
                            </p>
                          </div>
                        </div>
                      </div>
                    </div>
                  </li>
                </ul>
                <div>
                  <div
                    class="flex flex-row items-center p-4"
                  >
                    <img
                      alt="Minimize"
                      data-nimg="1"
                      decoding="async"
                      height="40"
                      loading="lazy"
                      src="/_next/image?url=%2Fimg.jpg&w=96&q=75"
                      srcset="/_next/image?url=%2Fimg.jpg&w=48&q=75 1x, /_next/image?url=%2Fimg.jpg&w=96&q=75 2x"
                      style="color: transparent;"
                      width="40"
                    />
                    <p
                      class="body-1 mx-1"
                      style="display: block;"
                    >
                      Hide Past Plans
                    </p>
                  </div>
                </div>
              </div>
            </div>
          </div>
        </div>
      </div>
      <div
        class="flex items-center"
      >
        <div
          aria-label="Profile Card"
          class="flex h-full secondary-bg-color2 text-white px-4 py-1 hover:bg-info focus:bg-info focus:mr-1 focus:outline-none focus:ring-2 focus:ring-offset-2 focus:ring-primary focus:h-[90%] "
          tabindex="0"
        >
          <img
            alt="Profile Icon"
            data-nimg="1"
            decoding="async"
            height="40"
            loading="lazy"
            src="/_next/image?url=%2Fimg.jpg&w=96&q=75"
            srcset="/_next/image?url=%2Fimg.jpg&w=48&q=75 1x, /_next/image?url=%2Fimg.jpg&w=96&q=75 2x"
            style="color: transparent;"
            width="40"
          />
          <div
            class="hidden lg:block p-2"
          >
            <span
              class="text-xs"
            >
              My Profile:
            </span>
            <p>
              Alpha Beta
            </p>
          </div>
        </div>
      </div>
    </div>
  </nav>
  <div
    class="mx-2 py-2 block md:hidden"
  >
    <div
      class="rich-dropdown"
    >
      <div
        class="flex flex-col switch-filter default"
        tabindex="1"
      >
        <div>
          <div
            class="flex flex-row px-4 py-2 items-center justify-between"
          >
            <div
              class="flex flex-col max-w-[90%]"
            >
              <p
                class="body-2 app-base-font-color"
                style="display: block;"
              >
                View Plan:
              </p>
              <p
                class="body-1 font-bold text-ellipsis overflow-hidden whitespace-nowrap"
                style="display: block;"
              >
                ...
              </p>
            </div>
            <img
              alt="switch"
              class="size-5 head-icon m-[4px]"
              data-nimg="1"
              decoding="async"
              height="40"
              loading="lazy"
              src="/_next/image?url=%2Fimg.jpg&w=96&q=75"
              srcset="/_next/image?url=%2Fimg.jpg&w=48&q=75 1x, /_next/image?url=%2Fimg.jpg&w=96&q=75 2x"
              style="color: transparent;"
              width="40"
            />
          </div>
        </div>
      </div>
    </div>
  </div>
</div>
`;
