// Jest Snapshot v1, https://goo.gl/fbAQLP

exports[`Update SSN should render the screens correctly 1`] = `
<body
  style=""
>
  <div>
    <div
      class="flex flex-col justify-center items-center page"
    >
      <div
        class="flex flex-col app-content app-base-font-color"
      >
        <h1
          class="title-1 font-bold"
        >
          Update Social Security Number
        </h1>
        <span
          style="display: block; width: 1px; min-width: 1px; height: 16px; min-height: 16px;"
        />
        <p
          class="body-1"
          style="display: block; max-width: 100%;"
        >
          You can update the Social Security Number (SSN) we have on file here.
        </p>
        <span
          style="display: block; width: 1px; min-width: 1px; height: 32px; min-height: 32px;"
        />
        <section
          class="flex flex-row items-start app-body"
        >
          <div
            class="flex flex-col flex-grow page-section-36_67 items-stretch"
          >
            <div
              class="card-main small-section"
            >
              <div
                class="flex flex-col"
              >
                <h1
                  class="title-1 mb-0 title-2"
                >
                  About Social Security Number
                </h1>
                <span
                  style="display: block; width: 1px; min-width: 1px; height: 16px; min-height: 16px;"
                />
                <p
                  class="body-1 body-1 mb-0"
                  style="display: block; max-width: 100%;"
                >
                  For privacy and security, we will not display the current social security number we have on file.
                </p>
                <span
                  style="display: block; width: 1px; min-width: 1px; height: 16px; min-height: 16px;"
                />
                <p
                  class="body-1 body-1 mb-0"
                  style="display: block; max-width: 100%;"
                >
                  Your SSN is used to process important tax related documents. Adding or updating your SSN will ensure that your documents are accurate and timely.
                </p>
                <span
                  style="display: block; width: 1px; min-width: 1px; height: 16px; min-height: 16px;"
                />
              </div>
            </div>
          </div>
          <div
            class="flex flex-col flex-grow page-section-63_33 items-stretch"
          >
            <div
              class="flex flex-col flex flex-col mt-4"
            >
              <div
                class="flex flex-col flex flex-col"
              >
                <div
                  class="card-elevated cursor-pointer mb-4"
                >
                  <div
                    class="flex flex-col m-4"
                  >
                    <span
                      style="display: block; width: 1px; min-width: 1px; height: 16px; min-height: 16px;"
                    />
                    <p
                      class="body-1 ml-2 font-bold title-3"
                      style="display: block; max-width: 100%;"
                    >
                      CHRISTMAS HALL
                    </p>
                    <p
                      class="body-1 ml-2"
                      style="display: block; max-width: 100%;"
                    >
                      DOB: 06/29/2009
                    </p>
                    <span
                      style="display: block; width: 1px; min-width: 1px; height: 16px; min-height: 16px;"
                    />
                    <div
                      class=""
                      style="width: 100%; height: 1px; background-color: rgb(204, 204, 204);"
                    />
                    <span
                      style="display: block; width: 1px; min-width: 1px; height: 16px; min-height: 16px;"
                    />
                    <p
                      class="body-1 ml-2"
                      style="display: block; max-width: 100%;"
                    >
                      A SSN was found on file.
                    </p>
                    <span
                      style="display: block; width: 1px; min-width: 1px; height: 16px; min-height: 16px;"
                    />
                    <div
                      class="flex flex-row"
                    >
                      <p
                        class="font-bold primary-color ml-2"
                      >
                        Update
                      </p>
                      <div
                        class="ml-2"
                      >
                        <img
                          alt="link"
                          data-nimg="1"
                          decoding="async"
                          height="40"
                          loading="lazy"
                          src="/_next/image?url=%2Fimg.jpg&w=96&q=75"
                          srcset="/_next/image?url=%2Fimg.jpg&w=48&q=75 1x, /_next/image?url=%2Fimg.jpg&w=96&q=75 2x"
                          style="color: transparent;"
                          width="40"
                        />
                      </div>
                    </div>
                    <span
                      style="display: block; width: 1px; min-width: 1px; height: 16px; min-height: 16px;"
                    />
                  </div>
                </div>
                <div
                  class="card-elevated cursor-pointer mb-4"
                >
                  <div
                    class="flex flex-col m-4"
                  >
                    <span
                      style="display: block; width: 1px; min-width: 1px; height: 16px; min-height: 16px;"
                    />
                    <p
                      class="body-1 ml-2 font-bold title-3"
                      style="display: block; max-width: 100%;"
                    >
                      KRISSY HALL
                    </p>
                    <p
                      class="body-1 ml-2"
                      style="display: block; max-width: 100%;"
                    >
                      DOB: 06/15/2009
                    </p>
                    <span
                      style="display: block; width: 1px; min-width: 1px; height: 16px; min-height: 16px;"
                    />
                    <div
                      class=""
                      style="width: 100%; height: 1px; background-color: rgb(204, 204, 204);"
                    />
                    <span
                      style="display: block; width: 1px; min-width: 1px; height: 16px; min-height: 16px;"
                    />
                    <p
                      class="body-1 ml-2"
                      style="display: block; max-width: 100%;"
                    >
                      A SSN was found on file.
                    </p>
                    <span
                      style="display: block; width: 1px; min-width: 1px; height: 16px; min-height: 16px;"
                    />
                    <div
                      class="flex flex-row"
                    >
                      <p
                        class="font-bold primary-color ml-2"
                      >
                        Update
                      </p>
                      <div
                        class="ml-2"
                      >
                        <img
                          alt="link"
                          data-nimg="1"
                          decoding="async"
                          height="40"
                          loading="lazy"
                          src="/_next/image?url=%2Fimg.jpg&w=96&q=75"
                          srcset="/_next/image?url=%2Fimg.jpg&w=48&q=75 1x, /_next/image?url=%2Fimg.jpg&w=96&q=75 2x"
                          style="color: transparent;"
                          width="40"
                        />
                      </div>
                    </div>
                    <span
                      style="display: block; width: 1px; min-width: 1px; height: 16px; min-height: 16px;"
                    />
                  </div>
                </div>
                <div
                  class="card-elevated cursor-pointer mb-4"
                >
                  <div
                    class="flex flex-col m-4"
                  >
                    <span
                      style="display: block; width: 1px; min-width: 1px; height: 16px; min-height: 16px;"
                    />
                    <p
                      class="body-1 ml-2 font-bold title-3"
                      style="display: block; max-width: 100%;"
                    >
                      CHRISTIAN HALL
                    </p>
                    <p
                      class="body-1 ml-2"
                      style="display: block; max-width: 100%;"
                    >
                      DOB: 10/31/2011
                    </p>
                    <span
                      style="display: block; width: 1px; min-width: 1px; height: 16px; min-height: 16px;"
                    />
                    <div
                      class=""
                      style="width: 100%; height: 1px; background-color: rgb(204, 204, 204);"
                    />
                    <span
                      style="display: block; width: 1px; min-width: 1px; height: 16px; min-height: 16px;"
                    />
                    <p
                      class="body-1 ml-2"
                      style="display: block; max-width: 100%;"
                    >
                      A SSN was found on file.
                    </p>
                    <span
                      style="display: block; width: 1px; min-width: 1px; height: 16px; min-height: 16px;"
                    />
                    <div
                      class="flex flex-row"
                    >
                      <p
                        class="font-bold primary-color ml-2"
                      >
                        Update
                      </p>
                      <div
                        class="ml-2"
                      >
                        <img
                          alt="link"
                          data-nimg="1"
                          decoding="async"
                          height="40"
                          loading="lazy"
                          src="/_next/image?url=%2Fimg.jpg&w=96&q=75"
                          srcset="/_next/image?url=%2Fimg.jpg&w=48&q=75 1x, /_next/image?url=%2Fimg.jpg&w=96&q=75 2x"
                          style="color: transparent;"
                          width="40"
                        />
                      </div>
                    </div>
                    <span
                      style="display: block; width: 1px; min-width: 1px; height: 16px; min-height: 16px;"
                    />
                  </div>
                </div>
              </div>
            </div>
          </div>
        </section>
      </div>
    </div>
  </div>
  <div>
    <div
      class="react-responsive-modal-root"
      data-testid="root"
    >
      <div
        aria-hidden="true"
        class="react-responsive-modal-overlay modal-overlay"
        data-testid="overlay"
        style="animation: react-responsive-modal-overlay-out 300ms;"
      />
      <div
        class="react-responsive-modal-container react-responsive-modal-containerCenter"
        data-testid="modal-container"
      >
        <div
          aria-modal="true"
          class="react-responsive-modal-modal"
          data-testid="modal"
          role="dialog"
          style="animation: react-responsive-modal-modal-out 300ms;"
          tabindex="-1"
        >
          <div>
            <div
              class="flex flex-col modal-container"
            >
              <div
                class="flex flex-row justify-between modal-header items-center relative"
              >
                <div
                  tabindex="1"
                />
                <img
                  alt="bcbst logo"
                  class="modal-icon modal-header-logo absolute m-auto left-0 right-0"
                  data-nimg="1"
                  decoding="async"
                  height="40"
                  loading="lazy"
                  src="/_next/image?url=%2Fimg.jpg&w=96&q=75"
                  srcset="/_next/image?url=%2Fimg.jpg&w=48&q=75 1x, /_next/image?url=%2Fimg.jpg&w=96&q=75 2x"
                  style="color: transparent;"
                  width="40"
                />
                <div
                  class="size-8 focus-icon"
                  tabindex="0"
                >
                  <img
                    alt="close"
                    class="size-4"
                    data-nimg="1"
                    decoding="async"
                    height="40"
                    loading="lazy"
                    src="/_next/image?url=%2Fimg.jpg&w=96&q=75"
                    srcset="/_next/image?url=%2Fimg.jpg&w=48&q=75 1x, /_next/image?url=%2Fimg.jpg&w=96&q=75 2x"
                    style="color: transparent;"
                    width="40"
                  />
                </div>
              </div>
              <span
                style="display: block; width: 1px; min-width: 1px; height: 32px; min-height: 32px;"
              />
              <div
                class="flex flex-row flex-grow justify-center"
              >
                <div
                  class="flex flex-row justify-center modal-content"
                >
                  <div />
                </div>
              </div>
              <span
                style="display: block; width: 1px; min-width: 1px; height: 32px; min-height: 32px;"
              />
              <div
                class="flex flex-row justify-center modal-footer"
              >
                <img
                  alt="bcbst logo"
                  class="modal-icon"
                  data-nimg="1"
                  decoding="async"
                  height="40"
                  loading="lazy"
                  src="/_next/image?url=%2Fimg.jpg&w=96&q=75"
                  srcset="/_next/image?url=%2Fimg.jpg&w=48&q=75 1x, /_next/image?url=%2Fimg.jpg&w=96&q=75 2x"
                  style="color: transparent;"
                  width="40"
                />
              </div>
            </div>
          </div>
        </div>
      </div>
    </div>
  </div>
</body>
`;
