// Jest Snapshot v1, https://goo.gl/fbAQLP

exports[`JointProcedureCard Section should render the UI correctly 1`] = `
<div>
  <div
    class="card-info large-section px-0 m-0 text-white"
  >
    <div
      class="flex flex-col"
    >
      <h2
        class="title-3"
      >
        Call Before Scheduling Your Joint Procedure
      </h2>
      <span
        style="display: block; width: 1px; min-width: 1px; height: 32px; min-height: 32px;"
      />
      <span
        class="rich-text body-1 undefined"
      >
        <span>
          Your plan requires giving us a call before pursuing knee, hip, or spine procedures. Give us a call at 
        </span>
        <span>
          [1800-000-000] or 
        </span>
        <span
          class="link-white-text"
        >
          <a>
            start a chat
          </a>
        </span>
        <span>
           now.
        </span>
      </span>
    </div>
  </div>
</div>
`;
