// Jest Snapshot v1, https://goo.gl/fbAQLP

exports[`Third Party Sharing Info Component should render UI correctly 1`] = `
<body>
  <div>
    <div
      class="card-main large-section "
    >
      <div
        class="flex flex-col"
      >
        <h1
          class="title-1 title-2"
        >
          Linked Apps & Websites
        </h1>
        <span
          style="display: block; width: 1px; min-width: 1px; height: 16px; min-height: 16px;"
        />
        <p
          class="body-1"
          style="display: block; max-width: 100%;"
        >
          Below are the apps and websites youâ€™re sharing your information with.
        </p>
        <span
          style="display: block; width: 1px; min-width: 1px; height: 32px; min-height: 32px;"
        />
        <div
          class="flex flex-row"
        >
          <p
            class="body-1 body-1"
            style="display: block; max-width: 100%;"
          >
            Plan: 
          </p>
          <span
            style="display: block; width: 8px; min-width: 8px; height: 1px; min-height: 1px;"
          />
          <div
            class="relative"
          >
            <div
              class="flex flex-row link "
              tabindex="0"
            >
              <p
                class="body-bold"
              >
                Subscriber ID ABC123456789
              </p>
              <span
                style="display: block; width: 8px; min-width: 8px; height: 1px; min-height: 1px;"
              />
              <img
                alt=""
                data-nimg="1"
                decoding="async"
                height="40"
                loading="lazy"
                src="/_next/image?url=%2Fimg.jpg&w=96&q=75"
                srcset="/_next/image?url=%2Fimg.jpg&w=48&q=75 1x, /_next/image?url=%2Fimg.jpg&w=96&q=75 2x"
                style="color: transparent;"
                width="40"
              />
            </div>
            <section
              class="card-elevated z-20 dropdown-section"
              style="display: none; position: absolute;"
            >
              <div
                class="flex flex-row dropdown-item-selected dropdown-item p-2 cursor-pointer"
              >
                <div
                  class="size-5 mx-2 "
                >
                  <img
                    alt=""
                    class="size-5"
                    data-nimg="1"
                    decoding="async"
                    height="40"
                    loading="lazy"
                    src="/_next/image?url=%2Fimg.jpg&w=96&q=75"
                    srcset="/_next/image?url=%2Fimg.jpg&w=48&q=75 1x, /_next/image?url=%2Fimg.jpg&w=96&q=75 2x"
                    style="color: transparent;"
                    width="40"
                  />
                </div>
                <div>
                  <p
                    class="whitespace-nowrap mx-2"
                  >
                    Subscriber ID ABC123456789
                  </p>
                </div>
              </div>
              <div
                class="flex flex-row  dropdown-item p-2 cursor-pointer"
              >
                <div
                  class="size-5 mx-2"
                />
                <div>
                  <p
                    class="whitespace-nowrap mx-2"
                  >
                    Subscriber ID ABC000000000
                  </p>
                </div>
              </div>
            </section>
          </div>
        </div>
        <span
          style="display: block; width: 1px; min-width: 1px; height: 32px; min-height: 32px;"
        />
        <div
          class="flex flex-col"
        >
          <div
            class="flex flex-col"
          >
            <div
              class="flex flex-row"
            >
              <div
                class="flex flex-col"
              />
              <span
                style="display: block; width: 16px; min-width: 16px; height: 1px; min-height: 1px;"
              />
              <div
                class="flex flex-col"
              >
                <p
                  class="body-1 font-bold"
                  style="display: block; max-width: 100%;"
                >
                  MyFHR App
                </p>
                <span
                  style="display: block; width: 1px; min-width: 1px; height: 16px; min-height: 16px;"
                />
                <p
                  class="body-1 mb-4"
                  style="display: block; max-width: 100%;"
                >
                  Connected On 01/01/2023
                </p>
                <button
                  class="flex flex-row link-container font-bold primary-color pl-0"
                  style="max-width: max-content; height: auto; display: flex;"
                  type="button"
                >
                  <p
                    class="link !no-underline"
                    style="display: flex;"
                  >
                    Remove
                  </p>
                  <p
                    class="ml-1"
                    style="display: flex;"
                  >
                    <img
                      alt=""
                      data-nimg="1"
                      decoding="async"
                      height="40"
                      loading="lazy"
                      src="/_next/image?url=%2Fimg.jpg&w=96&q=75"
                      srcset="/_next/image?url=%2Fimg.jpg&w=48&q=75 1x, /_next/image?url=%2Fimg.jpg&w=96&q=75 2x"
                      style="color: transparent;"
                      width="40"
                    />
                  </p>
                </button>
              </div>
            </div>
            <div
              class="mt-8"
              style="width: 100%; height: 1px; background-color: rgb(204, 204, 204);"
            />
          </div>
          <span
            style="display: block; width: 1px; min-width: 1px; height: 32px; min-height: 32px;"
          />
        </div>
        <div
          class="flex flex-col"
        >
          <div
            class="flex flex-col"
          >
            <div
              class="flex flex-row"
            >
              <div
                class="flex flex-col"
              />
              <span
                style="display: block; width: 16px; min-width: 16px; height: 1px; min-height: 1px;"
              />
              <div
                class="flex flex-col"
              >
                <p
                  class="body-1 font-bold"
                  style="display: block; max-width: 100%;"
                >
                  Erlanger Hospital
                </p>
                <span
                  style="display: block; width: 1px; min-width: 1px; height: 16px; min-height: 16px;"
                />
                <p
                  class="body-1 mb-4"
                  style="display: block; max-width: 100%;"
                >
                  Connected On 01/01/2023
                </p>
                <button
                  class="flex flex-row link-container font-bold primary-color pl-0"
                  style="max-width: max-content; height: auto; display: flex;"
                  type="button"
                >
                  <p
                    class="link !no-underline"
                    style="display: flex;"
                  >
                    Remove
                  </p>
                  <p
                    class="ml-1"
                    style="display: flex;"
                  >
                    <img
                      alt=""
                      data-nimg="1"
                      decoding="async"
                      height="40"
                      loading="lazy"
                      src="/_next/image?url=%2Fimg.jpg&w=96&q=75"
                      srcset="/_next/image?url=%2Fimg.jpg&w=48&q=75 1x, /_next/image?url=%2Fimg.jpg&w=96&q=75 2x"
                      style="color: transparent;"
                      width="40"
                    />
                  </p>
                </button>
              </div>
            </div>
          </div>
          <span
            style="display: block; width: 1px; min-width: 1px; height: 32px; min-height: 32px;"
          />
        </div>
      </div>
    </div>
  </div>
</body>
`;
