// Jest Snapshot v1, https://goo.gl/fbAQLP

exports[`Welcome Banner should render the UI correctly 1`] = `undefined`;
