// Jest Snapshot v1, https://goo.gl/fbAQLP

exports[`Email Unique Verification screen Email Unique Verification screen UI Field Validations 1`] = `undefined`;
