// Jest Snapshot v1, https://goo.gl/fbAQLP

exports[`FindCarePillBox should not call sso if Pharamcybenifits visibility rule false on click of Pharmacy 1`] = `
<body>
  <div>
    <main
      class="flex flex-col justify-center items-center page"
    >
      <div
        class="flex flex-col h-175px w-full text-white justify-center items-center brand-gradient px-4 "
      >
        <div
          class="flex flex-col items-start w-full app-content px-4"
        >
          <span
            style="display: block; width: 1px; min-width: 1px; height: 32px; min-height: 32px;"
          />
          <h1
            class="title-1 font-thin"
          >
             
            Find Care & Costs
          </h1>
          <span
            style="display: block; width: 1px; min-width: 1px; height: 16px; min-height: 16px;"
          />
          <span
            class="rich-text body-1 undefined"
          >
            <span>
              Looking for care or estimating costs for a procedure? Use our
               
            </span>
            <span
              class="link !text-white"
            >
              <a>
                Find Care & Costs tool.
              </a>
            </span>
          </span>
          <span
            style="display: block; width: 1px; min-width: 1px; height: 16px; min-height: 16px;"
          />
          <span
            class="rich-text body-2 undefined"
          >
            <span>
              In case of medical emergency, call 911. In case of a mental health crisis, call 988.
            </span>
          </span>
        </div>
      </div>
      <span
        style="display: block; width: 1px; min-width: 1px; height: 16px; min-height: 16px;"
      />
      <div
        class="flex flex-col app-content app-base-font-color md:p-0 p-4"
      >
        <section
          class="card-main mt-4"
        >
          <div
            class="flex flex-row items-center input   "
          >
            <input
              class="body-1 search-textfield"
              name="search-Field"
              placeholder="Search by procedure, specialty, facility or provider name..."
              type="text"
              value=""
            />
            <div
              class="flex flex-col items-end"
            >
              <button
                aria-label="Search"
                class="flex flex-col p-[0.125rem]  "
                type="submit"
              >
                <img
                  alt=""
                  aria-hidden="true"
                  class="icon searchhover "
                  data-nimg="1"
                  decoding="async"
                  height="40"
                  loading="lazy"
                  src="/_next/image?url=%2Fimg.jpg&w=96&q=75"
                  srcset="/_next/image?url=%2Fimg.jpg&w=48&q=75 1x, /_next/image?url=%2Fimg.jpg&w=96&q=75 2x"
                  style="color: transparent;"
                  width="40"
                />
              </button>
            </div>
          </div>
        </section>
        <section
          class="flex flex-row items-start app-body"
        >
          <div
            class="flex flex-col flex-grow page-section-63_33 items-stretch"
          >
            <div
              class="card-main my-8  p-4"
            >
              <section
                class="gap-8"
              >
                <div
                  class="flex flex-row align-top items-center"
                >
                  <img
                    alt=""
                    class="w-[40px] h-[40px]"
                    data-nimg="1"
                    decoding="async"
                    height="40"
                    loading="lazy"
                    src="/_next/image?url=%2Fimg.jpg&w=96&q=75"
                    srcset="/_next/image?url=%2Fimg.jpg&w=48&q=75 1x, /_next/image?url=%2Fimg.jpg&w=96&q=75 2x"
                    style="color: transparent;"
                    width="40"
                  />
                  <span
                    style="display: block; width: 16px; min-width: 16px; height: 1px; min-height: 1px;"
                  />
                  <h3
                    class="title-3 !font-bold"
                  >
                    Looking for care? Find a:
                  </h3>
                </div>
                <span
                  style="display: block; width: 1px; min-width: 1px; height: 16px; min-height: 16px;"
                />
                <div
                  class="flex flex-row flex-wrap gap-x-2 gap-y-4"
                >
                  <button
                    aria-label="Primary Care Provider"
                    class="button-text pill text-center flex flex-row justify-center items-center min-w-fit null h-[28px] font-bold primary-color"
                    type="button"
                  >
                    Primary Care Provider
                  </button>
                  <button
                    aria-label="Dentist"
                    class="button-text pill text-center flex flex-row justify-center items-center min-w-fit null h-[28px] font-bold primary-color"
                    type="button"
                  >
                    Dentist
                  </button>
                  <button
                    aria-label="Mental Health Provider"
                    class="button-text pill text-center flex flex-row justify-center items-center min-w-fit null h-[28px] font-bold primary-color"
                    type="button"
                  >
                    Mental Health Provider
                  </button>
                  <button
                    aria-label="Eye Doctor"
                    class="button-text pill text-center flex flex-row justify-center items-center min-w-fit null h-[28px] font-bold primary-color"
                    type="button"
                  >
                    Eye Doctor
                  </button>
                  <button
                    aria-label="Pharmacy"
                    class="button-text pill text-center flex flex-row justify-center items-center min-w-fit null h-[28px] font-bold primary-color"
                    type="button"
                  >
                    Pharmacy
                  </button>
                  <button
                    aria-label="Virtual Care"
                    class="button-text pill text-center flex flex-row justify-center items-center min-w-fit null h-[28px] font-bold primary-color"
                    type="button"
                  >
                    Virtual Care
                  </button>
                </div>
              </section>
            </div>
          </div>
          <div
            class="flex flex-col flex-grow page-section-36_67 items-stretch"
          >
            <div
              class="card-main my-8  p-4"
            >
              <section
                class="gap-8"
              >
                <div
                  class="flex flex-row align-top items-center"
                >
                  <img
                    alt=""
                    class="w-[40px] h-[40px]"
                    data-nimg="1"
                    decoding="async"
                    height="40"
                    loading="lazy"
                    src="/_next/image?url=%2Fimg.jpg&w=96&q=75"
                    srcset="/_next/image?url=%2Fimg.jpg&w=48&q=75 1x, /_next/image?url=%2Fimg.jpg&w=96&q=75 2x"
                    style="color: transparent;"
                    width="40"
                  />
                  <span
                    style="display: block; width: 16px; min-width: 16px; height: 1px; min-height: 1px;"
                  />
                  <h3
                    class="title-3 !font-bold"
                  >
                    Planning for a procedure? Estimate costs for:
                  </h3>
                </div>
                <span
                  style="display: block; width: 1px; min-width: 1px; height: 16px; min-height: 16px;"
                />
                <div
                  class="flex flex-row flex-wrap gap-x-2 gap-y-4"
                >
                  <button
                    aria-label="Medical"
                    class="button-text pill text-center flex flex-row justify-center items-center min-w-fit null h-[28px] font-bold primary-color"
                    type="button"
                  >
                    Medical
                  </button>
                  <button
                    aria-label="Dental"
                    class="button-text pill text-center flex flex-row justify-center items-center min-w-fit null h-[28px] font-bold primary-color"
                    type="button"
                  >
                    Dental
                  </button>
                  <button
                    aria-label="Prescription Drugs"
                    class="button-text pill text-center flex flex-row justify-center items-center min-w-fit null h-[28px] font-bold primary-color"
                    type="button"
                  >
                    Prescription Drugs
                  </button>
                  <button
                    aria-label="Vision"
                    class="button-text pill text-center flex flex-row justify-center items-center min-w-fit null h-[28px] font-bold primary-color"
                    type="button"
                  >
                    Vision
                  </button>
                </div>
              </section>
            </div>
          </div>
        </section>
        <section
          class="flex flex-row items-start app-body mt-4"
        >
          <div
            class="flex flex-col flex-grow page-section-63_33 items-stretch"
          />
        </section>
        <span
          style="display: block; width: 1px; min-width: 1px; height: 32px; min-height: 32px;"
        />
      </div>
      <span
        style="display: block; width: 1px; min-width: 1px; height: 32px; min-height: 32px;"
      />
    </main>
  </div>
</body>
`;

exports[`FindCarePillBox should not call sso if visionBenefits visibility rule true on click of vision 1`] = `
<body>
  <div>
    <main
      class="flex flex-col justify-center items-center page"
    >
      <div
        class="flex flex-col h-175px w-full text-white justify-center items-center brand-gradient px-4 "
      >
        <div
          class="flex flex-col items-start w-full app-content px-4"
        >
          <span
            style="display: block; width: 1px; min-width: 1px; height: 32px; min-height: 32px;"
          />
          <h1
            class="title-1 font-thin"
          >
             
            Find Care & Costs
          </h1>
          <span
            style="display: block; width: 1px; min-width: 1px; height: 16px; min-height: 16px;"
          />
          <span
            class="rich-text body-1 undefined"
          >
            <span>
              Looking for care or estimating costs for a procedure? Use our
               
            </span>
            <span
              class="link !text-white"
            >
              <a>
                Find Care & Costs tool.
              </a>
            </span>
          </span>
          <span
            style="display: block; width: 1px; min-width: 1px; height: 16px; min-height: 16px;"
          />
          <span
            class="rich-text body-2 undefined"
          >
            <span>
              In case of medical emergency, call 911. In case of a mental health crisis, call 988.
            </span>
          </span>
        </div>
      </div>
      <span
        style="display: block; width: 1px; min-width: 1px; height: 16px; min-height: 16px;"
      />
      <div
        class="flex flex-col app-content app-base-font-color md:p-0 p-4"
      >
        <section
          class="card-main mt-4"
        >
          <div
            class="flex flex-row items-center input   "
          >
            <input
              class="body-1 search-textfield"
              name="search-Field"
              placeholder="Search by procedure, specialty, facility or provider name..."
              type="text"
              value=""
            />
            <div
              class="flex flex-col items-end"
            >
              <button
                aria-label="Search"
                class="flex flex-col p-[0.125rem]  "
                type="submit"
              >
                <img
                  alt=""
                  aria-hidden="true"
                  class="icon searchhover "
                  data-nimg="1"
                  decoding="async"
                  height="40"
                  loading="lazy"
                  src="/_next/image?url=%2Fimg.jpg&w=96&q=75"
                  srcset="/_next/image?url=%2Fimg.jpg&w=48&q=75 1x, /_next/image?url=%2Fimg.jpg&w=96&q=75 2x"
                  style="color: transparent;"
                  width="40"
                />
              </button>
            </div>
          </div>
        </section>
        <section
          class="flex flex-row items-start app-body"
        >
          <div
            class="flex flex-col flex-grow page-section-63_33 items-stretch"
          >
            <div
              class="card-main my-8  p-4"
            >
              <section
                class="gap-8"
              >
                <div
                  class="flex flex-row align-top items-center"
                >
                  <img
                    alt=""
                    class="w-[40px] h-[40px]"
                    data-nimg="1"
                    decoding="async"
                    height="40"
                    loading="lazy"
                    src="/_next/image?url=%2Fimg.jpg&w=96&q=75"
                    srcset="/_next/image?url=%2Fimg.jpg&w=48&q=75 1x, /_next/image?url=%2Fimg.jpg&w=96&q=75 2x"
                    style="color: transparent;"
                    width="40"
                  />
                  <span
                    style="display: block; width: 16px; min-width: 16px; height: 1px; min-height: 1px;"
                  />
                  <h3
                    class="title-3 !font-bold"
                  >
                    Looking for care? Find a:
                  </h3>
                </div>
                <span
                  style="display: block; width: 1px; min-width: 1px; height: 16px; min-height: 16px;"
                />
                <div
                  class="flex flex-row flex-wrap gap-x-2 gap-y-4"
                >
                  <button
                    aria-label="Primary Care Provider"
                    class="button-text pill text-center flex flex-row justify-center items-center min-w-fit null h-[28px] font-bold primary-color"
                    type="button"
                  >
                    Primary Care Provider
                  </button>
                  <button
                    aria-label="Dentist"
                    class="button-text pill text-center flex flex-row justify-center items-center min-w-fit null h-[28px] font-bold primary-color"
                    type="button"
                  >
                    Dentist
                  </button>
                  <button
                    aria-label="Mental Health Provider"
                    class="button-text pill text-center flex flex-row justify-center items-center min-w-fit null h-[28px] font-bold primary-color"
                    type="button"
                  >
                    Mental Health Provider
                  </button>
                  <button
                    aria-label="Eye Doctor"
                    class="button-text pill text-center flex flex-row justify-center items-center min-w-fit null h-[28px] font-bold primary-color"
                    type="button"
                  >
                    Eye Doctor
                  </button>
                  <button
                    aria-label="Pharmacy"
                    class="button-text pill text-center flex flex-row justify-center items-center min-w-fit null h-[28px] font-bold primary-color"
                    type="button"
                  >
                    Pharmacy
                  </button>
                  <button
                    aria-label="Virtual Care"
                    class="button-text pill text-center flex flex-row justify-center items-center min-w-fit null h-[28px] font-bold primary-color"
                    type="button"
                  >
                    Virtual Care
                  </button>
                </div>
              </section>
            </div>
          </div>
          <div
            class="flex flex-col flex-grow page-section-36_67 items-stretch"
          >
            <div
              class="card-main my-8  p-4"
            >
              <section
                class="gap-8"
              >
                <div
                  class="flex flex-row align-top items-center"
                >
                  <img
                    alt=""
                    class="w-[40px] h-[40px]"
                    data-nimg="1"
                    decoding="async"
                    height="40"
                    loading="lazy"
                    src="/_next/image?url=%2Fimg.jpg&w=96&q=75"
                    srcset="/_next/image?url=%2Fimg.jpg&w=48&q=75 1x, /_next/image?url=%2Fimg.jpg&w=96&q=75 2x"
                    style="color: transparent;"
                    width="40"
                  />
                  <span
                    style="display: block; width: 16px; min-width: 16px; height: 1px; min-height: 1px;"
                  />
                  <h3
                    class="title-3 !font-bold"
                  >
                    Planning for a procedure? Estimate costs for:
                  </h3>
                </div>
                <span
                  style="display: block; width: 1px; min-width: 1px; height: 16px; min-height: 16px;"
                />
                <div
                  class="flex flex-row flex-wrap gap-x-2 gap-y-4"
                >
                  <button
                    aria-label="Medical"
                    class="button-text pill text-center flex flex-row justify-center items-center min-w-fit null h-[28px] font-bold primary-color"
                    type="button"
                  >
                    Medical
                  </button>
                  <button
                    aria-label="Dental"
                    class="button-text pill text-center flex flex-row justify-center items-center min-w-fit null h-[28px] font-bold primary-color"
                    type="button"
                  >
                    Dental
                  </button>
                  <button
                    aria-label="Prescription Drugs"
                    class="button-text pill text-center flex flex-row justify-center items-center min-w-fit null h-[28px] font-bold primary-color"
                    type="button"
                  >
                    Prescription Drugs
                  </button>
                  <button
                    aria-label="Vision"
                    class="button-text pill text-center flex flex-row justify-center items-center min-w-fit null h-[28px] font-bold primary-color"
                    type="button"
                  >
                    Vision
                  </button>
                </div>
              </section>
            </div>
          </div>
        </section>
        <section
          class="flex flex-row items-start app-body mt-4"
        >
          <div
            class="flex flex-col flex-grow page-section-63_33 items-stretch"
          />
        </section>
        <span
          style="display: block; width: 1px; min-width: 1px; height: 32px; min-height: 32px;"
        />
      </div>
      <span
        style="display: block; width: 1px; min-width: 1px; height: 32px; min-height: 32px;"
      />
    </main>
  </div>
</body>
`;

exports[`FindCarePillBox should render UI correctly 1`] = `
<body>
  <div>
    <main
      class="flex flex-col justify-center items-center page"
    >
      <div
        class="flex flex-col h-175px w-full text-white justify-center items-center brand-gradient px-4 "
      >
        <div
          class="flex flex-col items-start w-full app-content px-4"
        >
          <span
            style="display: block; width: 1px; min-width: 1px; height: 32px; min-height: 32px;"
          />
          <h1
            class="title-1 font-thin"
          >
             
            Find Care & Costs
          </h1>
          <span
            style="display: block; width: 1px; min-width: 1px; height: 16px; min-height: 16px;"
          />
          <span
            class="rich-text body-1 undefined"
          >
            <span>
              Looking for care or estimating costs for a procedure? Use our
               
            </span>
            <span
              class="link !text-white"
            >
              <a>
                Find Care & Costs tool.
              </a>
            </span>
          </span>
          <span
            style="display: block; width: 1px; min-width: 1px; height: 16px; min-height: 16px;"
          />
          <span
            class="rich-text body-2 undefined"
          >
            <span>
              In case of medical emergency, call 911. In case of a mental health crisis, call 988.
            </span>
          </span>
        </div>
      </div>
      <span
        style="display: block; width: 1px; min-width: 1px; height: 16px; min-height: 16px;"
      />
      <div
        class="flex flex-col app-content app-base-font-color md:p-0 p-4"
      >
        <section
          class="card-main mt-4"
        >
          <div
            class="flex flex-row items-center input   "
          >
            <input
              class="body-1 search-textfield"
              name="search-Field"
              placeholder="Search by procedure, specialty, facility or provider name..."
              type="text"
              value=""
            />
            <div
              class="flex flex-col items-end"
            >
              <button
                aria-label="Search"
                class="flex flex-col p-[0.125rem]  "
                type="submit"
              >
                <img
                  alt=""
                  aria-hidden="true"
                  class="icon searchhover "
                  data-nimg="1"
                  decoding="async"
                  height="40"
                  loading="lazy"
                  src="/_next/image?url=%2Fimg.jpg&w=96&q=75"
                  srcset="/_next/image?url=%2Fimg.jpg&w=48&q=75 1x, /_next/image?url=%2Fimg.jpg&w=96&q=75 2x"
                  style="color: transparent;"
                  width="40"
                />
              </button>
            </div>
          </div>
        </section>
        <section
          class="flex flex-row items-start app-body"
        >
          <div
            class="flex flex-col flex-grow page-section-63_33 items-stretch"
          >
            <div
              class="card-main my-8  p-4"
            >
              <section
                class="gap-8"
              >
                <div
                  class="flex flex-row align-top items-center"
                >
                  <img
                    alt=""
                    class="w-[40px] h-[40px]"
                    data-nimg="1"
                    decoding="async"
                    height="40"
                    loading="lazy"
                    src="/_next/image?url=%2Fimg.jpg&w=96&q=75"
                    srcset="/_next/image?url=%2Fimg.jpg&w=48&q=75 1x, /_next/image?url=%2Fimg.jpg&w=96&q=75 2x"
                    style="color: transparent;"
                    width="40"
                  />
                  <span
                    style="display: block; width: 16px; min-width: 16px; height: 1px; min-height: 1px;"
                  />
                  <h3
                    class="title-3 !font-bold"
                  >
                    Looking for care? Find a:
                  </h3>
                </div>
                <span
                  style="display: block; width: 1px; min-width: 1px; height: 16px; min-height: 16px;"
                />
                <div
                  class="flex flex-row flex-wrap gap-x-2 gap-y-4"
                >
                  <button
                    aria-label="Primary Care Provider"
                    class="button-text pill text-center flex flex-row justify-center items-center min-w-fit null h-[28px] font-bold primary-color"
                    type="button"
                  >
                    Primary Care Provider
                  </button>
                  <button
                    aria-label="Dentist"
                    class="button-text pill text-center flex flex-row justify-center items-center min-w-fit null h-[28px] font-bold primary-color"
                    type="button"
                  >
                    Dentist
                  </button>
                  <button
                    aria-label="Mental Health Provider"
                    class="button-text pill text-center flex flex-row justify-center items-center min-w-fit null h-[28px] font-bold primary-color"
                    type="button"
                  >
                    Mental Health Provider
                  </button>
                  <button
                    aria-label="Eye Doctor"
                    class="button-text pill text-center flex flex-row justify-center items-center min-w-fit null h-[28px] font-bold primary-color"
                    type="button"
                  >
                    Eye Doctor
                  </button>
                  <button
                    aria-label="Pharmacy"
                    class="button-text pill text-center flex flex-row justify-center items-center min-w-fit null h-[28px] font-bold primary-color"
                    type="button"
                  >
                    Pharmacy
                  </button>
                  <button
                    aria-label="Virtual Care"
                    class="button-text pill text-center flex flex-row justify-center items-center min-w-fit null h-[28px] font-bold primary-color"
                    type="button"
                  >
                    Virtual Care
                  </button>
                </div>
              </section>
            </div>
          </div>
          <div
            class="flex flex-col flex-grow page-section-36_67 items-stretch"
          >
            <div
              class="card-main my-8  p-4"
            >
              <section
                class="gap-8"
              >
                <div
                  class="flex flex-row align-top items-center"
                >
                  <img
                    alt=""
                    class="w-[40px] h-[40px]"
                    data-nimg="1"
                    decoding="async"
                    height="40"
                    loading="lazy"
                    src="/_next/image?url=%2Fimg.jpg&w=96&q=75"
                    srcset="/_next/image?url=%2Fimg.jpg&w=48&q=75 1x, /_next/image?url=%2Fimg.jpg&w=96&q=75 2x"
                    style="color: transparent;"
                    width="40"
                  />
                  <span
                    style="display: block; width: 16px; min-width: 16px; height: 1px; min-height: 1px;"
                  />
                  <h3
                    class="title-3 !font-bold"
                  >
                    Planning for a procedure? Estimate costs for:
                  </h3>
                </div>
                <span
                  style="display: block; width: 1px; min-width: 1px; height: 16px; min-height: 16px;"
                />
                <div
                  class="flex flex-row flex-wrap gap-x-2 gap-y-4"
                >
                  <button
                    aria-label="Medical"
                    class="button-text pill text-center flex flex-row justify-center items-center min-w-fit null h-[28px] font-bold primary-color"
                    type="button"
                  >
                    Medical
                  </button>
                  <button
                    aria-label="Dental"
                    class="button-text pill text-center flex flex-row justify-center items-center min-w-fit null h-[28px] font-bold primary-color"
                    type="button"
                  >
                    Dental
                  </button>
                  <button
                    aria-label="Prescription Drugs"
                    class="button-text pill text-center flex flex-row justify-center items-center min-w-fit null h-[28px] font-bold primary-color"
                    type="button"
                  >
                    Prescription Drugs
                  </button>
                  <button
                    aria-label="Vision"
                    class="button-text pill text-center flex flex-row justify-center items-center min-w-fit null h-[28px] font-bold primary-color"
                    type="button"
                  >
                    Vision
                  </button>
                </div>
              </section>
            </div>
          </div>
        </section>
        <section
          class="flex flex-row items-start app-body mt-4"
        >
          <div
            class="flex flex-col flex-grow page-section-63_33 items-stretch"
          />
        </section>
        <span
          style="display: block; width: 1px; min-width: 1px; height: 32px; min-height: 32px;"
        />
      </div>
      <span
        style="display: block; width: 1px; min-width: 1px; height: 32px; min-height: 32px;"
      />
    </main>
  </div>
</body>
`;
