// Jest Snapshot v1, https://goo.gl/fbAQLP

exports[`Edit Level Of Access Component should render the UI correctly 1`] = `
<body>
  <div>
    <div
      class="flex flex-col items-center"
    >
      <span
        style="display: block; width: 1px; min-width: 1px; height: 32px; min-height: 32px;"
      />
      <h2
        class="title-2"
      >
        Edit Level Of Access
      </h2>
      <span
        style="display: block; width: 1px; min-width: 1px; height: 16px; min-height: 16px;"
      />
      <div
        class="flex flex-col items-center  w-[358px]"
      >
        <div
          class="flex flex-col"
        >
          <p
            class="body-1 text-center"
            style="display: block; max-width: 100%;"
          >
            Youâ€™re changing access for:
          </p>
          <span
            style="display: block; width: 1px; min-width: 1px; height: 16px; min-height: 16px;"
          />
          <p
            class="body-1 text-center font-bold"
            style="display: block; max-width: 100%;"
          >
            Chris
          </p>
          <span
            style="display: block; width: 1px; min-width: 1px; height: 32px; min-height: 32px;"
          />
          <div
            class="flex flex-col"
          >
            <div
              class="flex flex-row gap-1 "
            >
              <label>
                <input
                  aria-label="Full Access +"
                  id=""
                  name=""
                  type="radio"
                />
              </label>
              <div
                class="flex-col m-1"
              >
                <p
                  class="font-bold"
                >
                  Full Access +
                </p>
                <p>
                  Your personal representative and anyone they choose will have access to all documents and claims, even those with sensitive information.
                </p>
              </div>
            </div>
            <span
              style="display: block; width: 1px; min-width: 1px; height: 16px; min-height: 16px;"
            />
            <div
              class="flex flex-row gap-1 "
            >
              <label>
                <input
                  aria-label="Basic Access"
                  id=""
                  name=""
                  type="radio"
                />
              </label>
              <div
                class="flex-col m-1"
              >
                <p
                  class="font-bold"
                >
                  Basic Access
                </p>
                <p>
                  Your personal representative will have access to all documents and claims, but will not be able to view sensitive information.
                </p>
              </div>
            </div>
            <span
              style="display: block; width: 1px; min-width: 1px; height: 16px; min-height: 16px;"
            />
          </div>
        </div>
        <span
          style="display: block; width: 1px; min-width: 1px; height: 32px; min-height: 32px;"
        />
        <div
          class="mb-8"
        >
          <p
            class="body-1 body-2"
            style="display: block; max-width: 100%;"
          >
            Disclaimer: BlueCross BlueShield of Tennessee is not responsible for your personal representative or any third parties authorized by you or your personal representative to hae access to your health information. BlueCross BlueShield of Tennessee does not warrant that the information provided will be accurate, timely or complete.
          </p>
        </div>
        <button
          aria-label="Next"
          class="button-text primary text-center flex flex-row justify-center items-center min-w-fit null font-bold primary-color"
          type="button"
        >
          Next
        </button>
        <span
          style="display: block; width: 1px; min-width: 1px; height: 16px; min-height: 16px;"
        />
        <button
          class="flex flex-row link-container undefined"
          style="max-width: max-content; height: auto; display: block;"
          type="button"
        >
          <p
            class="link !no-underline"
            style="display: block;"
          >
            Cancel
          </p>
        </button>
      </div>
    </div>
  </div>
</body>
`;
