// Jest Snapshot v1, https://goo.gl/fbAQLP

exports[`Full And Basics Access Option should render the UI correctly for false 1`] = `
<body>
  <div>
    <main>
      <div
        class="flex flex-col items-center teritary-color-1"
      >
        <span
          class="rich-text body-1 undefined"
        >
          <span>
            Grant 
          </span>
          <span
            class="font-bold"
          >
            Full
             Access
             
          </span>
          <span>
            to 
          </span>
          <span
            class="font-bold"
          >
            Chris Hall
             
          </span>
        </span>
        <span
          style="display: block; width: 1px; min-width: 1px; height: 16px; min-height: 16px;"
        />
        <div
          class=""
          style="width: 100%; height: 1px; background-color: rgb(204, 204, 204);"
        />
        <span
          style="display: block; width: 1px; min-width: 1px; height: 32px; min-height: 32px;"
        />
        <span>
          <b>
            Member Name :
          </b>
           
          [Mature Minor Name]
        </span>
        <span
          style="display: block; width: 1px; min-width: 1px; height: 32px; min-height: 32px;"
        />
        <div
          class="flex flex-row font-bold"
        >
          HIPAA Authorization for Full Portal Access and Interoperability
              APIs
        </div>
        <span
          style="display: block; width: 1px; min-width: 1px; height: 16px; min-height: 16px;"
        />
        <span
          class="rich-text body-1 undefined"
        >
          <span>
            You are asking BlueCross BlueShield of Tennessee to give your 
          </span>
          <span
            class="link font-bold"
          >
            <a>
              Personal Representative Full Access 
            </a>
          </span>
          <span>
             
            to all of your health information available in your member portal and through our interoperability application programming interfaces (APIs), including our
          </span>
          <span
            class="link font-bold"
          >
            <a>
               Patient Access API 
            </a>
          </span>
          <span>
            and 
          </span>
          <span
            class="link font-bold"
          >
             
            <a>
               Payer-to-Payer API. 
            </a>
          </span>
          <span>
            This means that your Personal Representative will be able to access highly sensitive health information about you and to use our APIs to share your health information with other third parties through our APIs, such as any third-party application of your Personal Representative’s choosing or your other health plans.
          </span>
        </span>
        <span
          style="display: block; width: 1px; min-width: 1px; height: 16px; min-height: 16px;"
        />
        <span
          class="rich-text body-1 undefined"
        >
          <span>
             By clicking the
          </span>
          <span
            class="font-bold"
          >
             "I Agree" 
          </span>
          <span>
            button after reading this, you authorize BlueCross BlueShield of
                Tennessee to share the following health information about you with your Personal Representative and any people, companies or
                other third parties authorized by your Personal Representative,if we maintain it:
          </span>
        </span>
        <span
          style="display: block; width: 1px; min-width: 1px; height: 16px; min-height: 16px;"
        />
        <span
          class="rich-text body-1 undefined"
        >
          <span>
            <ul
              class="list-outside list-disc pl-5"
            >
              <li
                class="pb-2 marker:text-blue-500"
              >
                Demographic and contact information related to you and your family;
              </li>
              <li
                class="pb-2 marker:text-blue-500"
              >
                Your claims and encounter data, including cost information; and
              </li>
              <li
                class="pb-2 marker:text-blue-500"
              >
                Certain clinical data, such as allergies and intolerances, assessments and plans of treatment, care team members, clinical notes, clinical tests, diagnostic imaging, encounter information, goals, health insurance information, health status assessments, immunizations, laboratory tests and results, medications, problems, procedures, provenance, unique device identifiers for implantable devices, and vital signs.
              </li>
            </ul>
          </span>
        </span>
        <span
          style="display: block; width: 1px; min-width: 1px; height: 16px; min-height: 16px;"
        />
        <span
          class="block"
        >
          The information they will have access to may reveal highly
                sensitive health information about you, including information
                about yours treatment or care for reproductive health (e.g.,
                family planning, contraception, miscarriage, abortion,
                maternity, infertility), substance use disorders (e.g., drugs
                and alcohol), mental or behavioral health disorders, HIV/AIDS,
                sexually transmitted diseases (STDs), communicable diseases,
                developmental or intellectual disabilities, genetic disorders,
                (including genetic testing for such disorders and genetic
                history), abuse (e.g., sexual, physical or mental), brain or
                other cognitive disorders, or other sensitive information. By
                clicking on the “I AGREE” button you are specifically
                authorizing the disclosure of this highly sensitive health
                information.
        </span>
        <span
          style="display: block; width: 1px; min-width: 1px; height: 16px; min-height: 16px;"
        />
        <span
          class="rich-text body-1 undefined"
        >
          <span
            class="!block mb-4"
          >
            We are making this disclosure at your request, with your
                approval and at your direction. The 
                intended purposes of the use and disclosure of your health information, 
                including your highly sensitive health information, are to:
          </span>
          <span
            class="inline-block mb-4"
          >
            <ul
              class="list-disc list-outside pl-5"
            >
              <li
                class="pb-2 marker:text-blue-500"
              >
                Give you control over the use and redisclosure of your health information, including highly sensitive health information;
              </li>
              <li
                class="pb-2 marker:text-blue-500"
              >
                Give your Personal Representative the ability to use our interoperability APIs to disclose your highly sensitive health information to other people, companies and third parties authorized by your Personal Representative without needing further authorization from you to do so; and
              </li>
              <li
                class="pb-2 marker:text-blue-500"
              >
                Support treatment, payment and certain health care operations activities, including care coordination and case management among your care team, including family members, friends and others involved in your care.
              </li>
            </ul>
          </span>
          <span
            class="!block mb-4 pt-2"
          >
            You acknowledge that your Personal Representative
                 and the people, companies and other third parties that they authorize to receive your health information 
                may not be subject to state or
                federal health information privacy laws, such as the federal
                Health Information Portability and Accountability Act and its
                implementing regulations (collectively, called “HIPAA”) , 42
                U.S.C. § 290dd-2 and its implementing regulations at 42 CFR Part
                2 (collectively, called “Part 2”) for certain substance use
                disorder records, or state health information confidentiality
                laws. If your Personal Representative or someone that they have
                authorized to have access to your Part 2 substance use disorder
                records is a HIPAA covered entity or business associate
                (collectively, called a “HIPAA-regulated entity”) that is
                receiving your records to support treatment, payment or health
                care operations activities, the HIPAA-regulated entity recipient
                may redisclose those substance use disorder records for any
                purpose permitted by HIPAA, except for uses and disclosures for
                civil, criminal, administrative, and legislative proceedings
                against you.
          </span>
          <span
            class="inline-block pt-4"
          >
            This authorization for the release of your health information is voluntary. This authorization will remain in effect until one of the following events happen:
          </span>
          <span
            class="inline-block mb-4"
          >
            <ul
              class="list-outside list-disc pl-4 pt-4"
            >
              <li
                class="mb-2 marker:text-blue-500"
              >
                It is revoked (taken back).
              </li>
              <li
                class="mb-2 marker:text-blue-500"
              >
                XX calendar days after the last time you access your portal account. You understand that every time you access your portal account, you reaffirm this authorization and the xx-day clock starts again. If you do not access your portal account for more than xx-days, you will be asked to agree to a new authorization.
              </li>
              <li
                class="mb-2 marker:text-blue-500"
              >
                We reasonably determine that allowing 
                    the user you have
                    designated as your Personal Representative to link to yours 
                     account through our portal and APIs would present an
                    unacceptable security risk.
              </li>
              <li
                class="mb-2 marker:text-blue-500"
              >
                As otherwise provided for in this authorization or our User Agreement, such as if we learn that account credentials have been misused.
              </li>
            </ul>
          </span>
          <span
            class="mb-4 pt-4"
          >
            You understand that BlueCross BlueShield of Tennessee will not condition the provision of treatment, payment for treatment, enrollment in a health plan, or eligibility for benefits on your agreement to this authorization. You may take back this authorization in writing at any time, except to the extent the information has already been disclosed in reliance on this authorization. You may take back this authorization by sending a request to us the Contact Us page on bcbst.com or by sending us your written cancellation to BlueCross BlueShield of Tennessee, Privacy; 1 Cameron Hill Circle; Building 1, 5th Floor; Chattanooga, Tennessee 37402. If you decide to take back this authorization, it will not affect any disclosure BlueCross BlueShield made in reliance on this authorization before the cancellation.
          </span>
        </span>
        <span
          class="rich-text body-1 undefined"
        >
          <span
            class="!block mb-4 pt-4"
          >
            Please note that your Personal Representative will not have Full
                Access to your health information or the ability to use our APIs
                to disclose your information to other people, companies or third
                parties if you do not sign this authorization. If you do not
                sign this authorization, your Personal Representative will
                continue to have Basic Access to your health information in
                accordance with the laws that apply to BlueCross BlueShield of
                Tennessee.
          </span>
          <span
            class="font-bold"
          >
            Notice To Recipient of Substance Use Disorder Records:
          </span>
          <span>
             42 CFR Part 2 prohibits unauthorized use or disclosure of these
                records.
          </span>
        </span>
        <span
          style="display: block; width: 1px; min-width: 1px; height: 16px; min-height: 16px;"
        />
        <div
          class=""
          style="width: 100%; height: 1px; background-color: rgb(204, 204, 204);"
        />
        <span
          style="display: block; width: 1px; min-width: 1px; height: 16px; min-height: 16px;"
        />
        <div
          class="flex flex-row gap-2 p-2  checkbox-disabled "
        >
          <label>
            <input
              checked=""
              id="myCheckbox"
              name=""
              type="checkbox"
            />
          </label>
          <div
            class="flex flex-col"
          >
            <label
              for="myCheckbox"
            >
              <p />
            </label>
            <span
              class="rich-text body-1 undefined"
            >
              <span
                class="font-bold"
              >
                I Agree.
              </span>
              <span>
                 Clicking “I Agree” means that you have read, understand, and
                    agree to this authorization. You are giving your permission
                    for BlueCross BlueShield of Tennessee to give your Personal Representative, and any person, company or other third party
                    authorized by your Personal Representative, access to yours
                    health information, including your highly sensitive health
                    information. You understand that you can contact BlueCross
                    BlueShield of Tennessee for a copy of this authorization.
              </span>
            </span>
          </div>
        </div>
        <span
          style="display: block; width: 1px; min-width: 1px; height: 16px; min-height: 16px;"
        />
        <div
          class="flex flex-col w-full text-field"
        >
          <p>
            Type Your Full Name
          </p>
          <div
            class="flex flex-row items-center input   "
          >
            <input
              aria-label="Type Your Full Name"
              class=""
              type="text"
              value=""
            />
            <div
              class="cursor-pointer"
            />
          </div>
        </div>
        <span
          style="display: block; width: 1px; min-width: 1px; height: 32px; min-height: 32px;"
        />
      </div>
    </main>
  </div>
</body>
`;

exports[`Full And Basics Access Option should render the UI correctly for true 1`] = `
<body>
  <div>
    <main>
      <div
        class="flex flex-col items-center teritary-color-1"
      >
        <div
          class="flex flex-row body-1 text-center"
        >
          Grant Basic Access to Chris Hall
        </div>
        <span
          style="display: block; width: 1px; min-width: 1px; height: 8px; min-height: 8px;"
        />
        <div
          class=""
          style="width: 100%; height: 1px; background-color: rgb(204, 204, 204);"
        />
        <span
          style="display: block; width: 1px; min-width: 1px; height: 16px; min-height: 16px;"
        />
        <div
          class="flex flex-row gap-2 p-2  checkbox-disabled "
        >
          <label>
            <input
              checked=""
              id="myCheckbox"
              name=""
              type="checkbox"
            />
          </label>
          <div
            class="flex flex-col"
          >
            <label
              for="myCheckbox"
            >
              <p />
            </label>
            I Agree. Lorem ipsum dolor sit amet, consectetur adipiscing elit.   Sed sodales, orci vitae ullamcorper dignissim,    ligula nulla condimentum lectus, feugiat interdum dui turpis eget nisl.    Duis at lectus vitae augue pulvinar dictum eu nec neque. Pellentesque maximus mattis justo id tincidunt.   Mauris porttitor
          </div>
        </div>
        <span
          style="display: block; width: 1px; min-width: 1px; height: 32px; min-height: 32px;"
        />
        <div
          class="flex flex-col w-full text-field"
        >
          <p>
            Type Your Full Name
          </p>
          <div
            class="flex flex-row items-center input   "
          >
            <input
              aria-label="Type Your Full Name"
              class=""
              type="text"
              value="[Mature Minor Name]"
            />
            <div
              class="cursor-pointer"
            />
          </div>
        </div>
        <span
          style="display: block; width: 1px; min-width: 1px; height: 32px; min-height: 32px;"
        />
      </div>
    </main>
  </div>
</body>
`;
