// Jest Snapshot v1, https://goo.gl/fbAQLP

exports[`PriceDentalCareFilter should render the UI correctly 1`] = `
{
  "asFragment": [Function],
  "baseElement": <body>
    <div>
      <div
        class="card-main small-section px-0 m-0  md:w-[288px] w-auto"
      >
        <div
          class="flex flex-col"
        >
          <h1
            class="title-1 title-2"
          >
            Filter Dental Costs
          </h1>
          <span
            style="display: block; width: 1px; min-width: 1px; height: 32px; min-height: 32px;"
          />
          <div
            class="flex flex-col"
          >
            <div
              class="body-1"
            >
              Dental Network
               
            </div>
            <span
              style="display: block; width: 1px; min-width: 1px; height: 5px; min-height: 5px;"
            />
            <div>
              <div
                class="rich-dropdown"
              >
                <div
                  class="flex flex-col switch-filter default"
                  tabindex="1"
                >
                  <div>
                    <div
                      class="body-1 input"
                    >
                      <div
                        class="flex flex-row p-1 items-center"
                      >
                        <div
                          class="flex flex-col border-none flex-grow"
                        >
                          <p
                            class="body-1"
                          >
                            Choose Network
                          </p>
                        </div>
                        <img
                          alt=""
                          class="w-[20px] h-[20px] ml-2 items-end"
                          data-nimg="1"
                          decoding="async"
                          height="40"
                          loading="lazy"
                          src="/_next/image?url=%2Fimg.jpg&w=96&q=75"
                          srcset="/_next/image?url=%2Fimg.jpg&w=48&q=75 1x, /_next/image?url=%2Fimg.jpg&w=96&q=75 2x"
                          style="color: transparent;"
                          width="40"
                        />
                      </div>
                    </div>
                  </div>
                </div>
              </div>
            </div>
          </div>
          <span
            style="display: block; width: 1px; min-width: 1px; height: 16px; min-height: 16px;"
          />
          <div
            class="flex flex-col"
          >
            <div
              class="body-1"
            >
              Category
               
            </div>
            <span
              style="display: block; width: 1px; min-width: 1px; height: 5px; min-height: 5px;"
            />
            <div>
              <div
                class="rich-dropdown"
              >
                <div
                  class="flex flex-col switch-filter default"
                  tabindex="1"
                >
                  <div>
                    <div
                      class="body-1 input"
                    >
                      <div
                        class="flex flex-row p-1 items-center"
                      >
                        <div
                          class="flex flex-col border-none flex-grow"
                        >
                          <p
                            class="body-1"
                          >
                            Select Category
                          </p>
                        </div>
                        <img
                          alt=""
                          class="w-[20px] h-[20px] ml-2 items-end"
                          data-nimg="1"
                          decoding="async"
                          height="40"
                          loading="lazy"
                          src="/_next/image?url=%2Fimg.jpg&w=96&q=75"
                          srcset="/_next/image?url=%2Fimg.jpg&w=48&q=75 1x, /_next/image?url=%2Fimg.jpg&w=96&q=75 2x"
                          style="color: transparent;"
                          width="40"
                        />
                      </div>
                    </div>
                  </div>
                </div>
              </div>
            </div>
          </div>
          <span
            style="display: block; width: 1px; min-width: 1px; height: 16px; min-height: 16px;"
          />
          <div
            class="flex flex-col"
          >
            <div
              class="body-1"
            >
              Procedure
               
            </div>
            <span
              style="display: block; width: 1px; min-width: 1px; height: 5px; min-height: 5px;"
            />
            <div>
              <div
                class="rich-dropdown"
              >
                <div
                  class="flex flex-col switch-filter default"
                  tabindex="1"
                >
                  <div>
                    <div
                      class="body-1 input"
                    >
                      <div
                        class="flex flex-row p-1 items-center"
                      >
                        <div
                          class="flex flex-col border-none flex-grow"
                        >
                          <p
                            class="body-1"
                          >
                            Select Procedure
                          </p>
                        </div>
                        <img
                          alt=""
                          class="w-[20px] h-[20px] ml-2 items-end"
                          data-nimg="1"
                          decoding="async"
                          height="40"
                          loading="lazy"
                          src="/_next/image?url=%2Fimg.jpg&w=96&q=75"
                          srcset="/_next/image?url=%2Fimg.jpg&w=48&q=75 1x, /_next/image?url=%2Fimg.jpg&w=96&q=75 2x"
                          style="color: transparent;"
                          width="40"
                        />
                      </div>
                    </div>
                  </div>
                </div>
              </div>
            </div>
          </div>
          <span
            style="display: block; width: 1px; min-width: 1px; height: 16px; min-height: 16px;"
          />
          <div
            class="flex flex-col"
          >
            <span
              style="display: block; width: 1px; min-width: 1px; height: 5px; min-height: 5px;"
            />
            <div
              class="flex flex-col w-full text-field"
            >
              <p>
                Zip Code
              </p>
              <div
                class="flex flex-row items-center input   "
              >
                <input
                  aria-label="Zip Code"
                  class=""
                  type="text"
                  value=""
                />
                <div
                  class="cursor-pointer"
                />
              </div>
              <div
                class="error-container mt-1 p-1"
              >
                <div />
              </div>
            </div>
          </div>
          <span
            style="display: block; width: 1px; min-width: 1px; height: 16px; min-height: 16px;"
          />
          <span
            style="display: block; width: 1px; min-width: 1px; height: 16px; min-height: 16px;"
          />
          <span
            style="display: block; width: 1px; min-width: 1px; height: 16px; min-height: 16px;"
          />
          <button
            aria-label="Estimate Cost"
            class="button-text primary text-center flex flex-row justify-center items-center min-w-fit null font-bold"
            type="button"
          >
            Estimate Cost
          </button>
        </div>
      </div>
    </div>
  </body>,
  "container": <div>
    <div
      class="card-main small-section px-0 m-0  md:w-[288px] w-auto"
    >
      <div
        class="flex flex-col"
      >
        <h1
          class="title-1 title-2"
        >
          Filter Dental Costs
        </h1>
        <span
          style="display: block; width: 1px; min-width: 1px; height: 32px; min-height: 32px;"
        />
        <div
          class="flex flex-col"
        >
          <div
            class="body-1"
          >
            Dental Network
             
          </div>
          <span
            style="display: block; width: 1px; min-width: 1px; height: 5px; min-height: 5px;"
          />
          <div>
            <div
              class="rich-dropdown"
            >
              <div
                class="flex flex-col switch-filter default"
                tabindex="1"
              >
                <div>
                  <div
                    class="body-1 input"
                  >
                    <div
                      class="flex flex-row p-1 items-center"
                    >
                      <div
                        class="flex flex-col border-none flex-grow"
                      >
                        <p
                          class="body-1"
                        >
                          Choose Network
                        </p>
                      </div>
                      <img
                        alt=""
                        class="w-[20px] h-[20px] ml-2 items-end"
                        data-nimg="1"
                        decoding="async"
                        height="40"
                        loading="lazy"
                        src="/_next/image?url=%2Fimg.jpg&w=96&q=75"
                        srcset="/_next/image?url=%2Fimg.jpg&w=48&q=75 1x, /_next/image?url=%2Fimg.jpg&w=96&q=75 2x"
                        style="color: transparent;"
                        width="40"
                      />
                    </div>
                  </div>
                </div>
              </div>
            </div>
          </div>
        </div>
        <span
          style="display: block; width: 1px; min-width: 1px; height: 16px; min-height: 16px;"
        />
        <div
          class="flex flex-col"
        >
          <div
            class="body-1"
          >
            Category
             
          </div>
          <span
            style="display: block; width: 1px; min-width: 1px; height: 5px; min-height: 5px;"
          />
          <div>
            <div
              class="rich-dropdown"
            >
              <div
                class="flex flex-col switch-filter default"
                tabindex="1"
              >
                <div>
                  <div
                    class="body-1 input"
                  >
                    <div
                      class="flex flex-row p-1 items-center"
                    >
                      <div
                        class="flex flex-col border-none flex-grow"
                      >
                        <p
                          class="body-1"
                        >
                          Select Category
                        </p>
                      </div>
                      <img
                        alt=""
                        class="w-[20px] h-[20px] ml-2 items-end"
                        data-nimg="1"
                        decoding="async"
                        height="40"
                        loading="lazy"
                        src="/_next/image?url=%2Fimg.jpg&w=96&q=75"
                        srcset="/_next/image?url=%2Fimg.jpg&w=48&q=75 1x, /_next/image?url=%2Fimg.jpg&w=96&q=75 2x"
                        style="color: transparent;"
                        width="40"
                      />
                    </div>
                  </div>
                </div>
              </div>
            </div>
          </div>
        </div>
        <span
          style="display: block; width: 1px; min-width: 1px; height: 16px; min-height: 16px;"
        />
        <div
          class="flex flex-col"
        >
          <div
            class="body-1"
          >
            Procedure
             
          </div>
          <span
            style="display: block; width: 1px; min-width: 1px; height: 5px; min-height: 5px;"
          />
          <div>
            <div
              class="rich-dropdown"
            >
              <div
                class="flex flex-col switch-filter default"
                tabindex="1"
              >
                <div>
                  <div
                    class="body-1 input"
                  >
                    <div
                      class="flex flex-row p-1 items-center"
                    >
                      <div
                        class="flex flex-col border-none flex-grow"
                      >
                        <p
                          class="body-1"
                        >
                          Select Procedure
                        </p>
                      </div>
                      <img
                        alt=""
                        class="w-[20px] h-[20px] ml-2 items-end"
                        data-nimg="1"
                        decoding="async"
                        height="40"
                        loading="lazy"
                        src="/_next/image?url=%2Fimg.jpg&w=96&q=75"
                        srcset="/_next/image?url=%2Fimg.jpg&w=48&q=75 1x, /_next/image?url=%2Fimg.jpg&w=96&q=75 2x"
                        style="color: transparent;"
                        width="40"
                      />
                    </div>
                  </div>
                </div>
              </div>
            </div>
          </div>
        </div>
        <span
          style="display: block; width: 1px; min-width: 1px; height: 16px; min-height: 16px;"
        />
        <div
          class="flex flex-col"
        >
          <span
            style="display: block; width: 1px; min-width: 1px; height: 5px; min-height: 5px;"
          />
          <div
            class="flex flex-col w-full text-field"
          >
            <p>
              Zip Code
            </p>
            <div
              class="flex flex-row items-center input   "
            >
              <input
                aria-label="Zip Code"
                class=""
                type="text"
                value=""
              />
              <div
                class="cursor-pointer"
              />
            </div>
            <div
              class="error-container mt-1 p-1"
            >
              <div />
            </div>
          </div>
        </div>
        <span
          style="display: block; width: 1px; min-width: 1px; height: 16px; min-height: 16px;"
        />
        <span
          style="display: block; width: 1px; min-width: 1px; height: 16px; min-height: 16px;"
        />
        <span
          style="display: block; width: 1px; min-width: 1px; height: 16px; min-height: 16px;"
        />
        <button
          aria-label="Estimate Cost"
          class="button-text primary text-center flex flex-row justify-center items-center min-w-fit null font-bold"
          type="button"
        >
          Estimate Cost
        </button>
      </div>
    </div>
  </div>,
  "debug": [Function],
  "findAllByAltText": [Function],
  "findAllByDisplayValue": [Function],
  "findAllByLabelText": [Function],
  "findAllByPlaceholderText": [Function],
  "findAllByRole": [Function],
  "findAllByTestId": [Function],
  "findAllByText": [Function],
  "findAllByTitle": [Function],
  "findByAltText": [Function],
  "findByDisplayValue": [Function],
  "findByLabelText": [Function],
  "findByPlaceholderText": [Function],
  "findByRole": [Function],
  "findByTestId": [Function],
  "findByText": [Function],
  "findByTitle": [Function],
  "getAllByAltText": [Function],
  "getAllByDisplayValue": [Function],
  "getAllByLabelText": [Function],
  "getAllByPlaceholderText": [Function],
  "getAllByRole": [Function],
  "getAllByTestId": [Function],
  "getAllByText": [Function],
  "getAllByTitle": [Function],
  "getByAltText": [Function],
  "getByDisplayValue": [Function],
  "getByLabelText": [Function],
  "getByPlaceholderText": [Function],
  "getByRole": [Function],
  "getByTestId": [Function],
  "getByText": [Function],
  "getByTitle": [Function],
  "queryAllByAltText": [Function],
  "queryAllByDisplayValue": [Function],
  "queryAllByLabelText": [Function],
  "queryAllByPlaceholderText": [Function],
  "queryAllByRole": [Function],
  "queryAllByTestId": [Function],
  "queryAllByText": [Function],
  "queryAllByTitle": [Function],
  "queryByAltText": [Function],
  "queryByDisplayValue": [Function],
  "queryByLabelText": [Function],
  "queryByPlaceholderText": [Function],
  "queryByRole": [Function],
  "queryByTestId": [Function],
  "queryByText": [Function],
  "queryByTitle": [Function],
  "rerender": [Function],
  "unmount": [Function],
}
`;
