// Jest Snapshot v1, https://goo.gl/fbAQLP

exports[`PriorAuthSection should render the UI correctly 1`] = `undefined`;
