// Jest Snapshot v1, https://goo.gl/fbAQLP

exports[`Race and Ethinicity slide should render the UI correctly 1`] = `undefined`;
